Archive member included to satisfy reference by file (symbol)

C:\Users\woodr\mcuexpresso\LPC55S69_Project\LPC55S69\mcuxpresso\libpower_hardabi.a(fsl_power_lib.o)
                              ./drivers/fsl_clock.o (POWER_SetVoltageForFreq)
c:/nxp/mcuxpressoide_11.4.0_6224/ide/plugins/com.nxp.mcuxpresso.tools.win32_11.4.0.202103011116/tools/bin/../lib/gcc/arm-none-eabi/10.2.1/thumb/v8-m.main+fp/hard\libgcc.a(_arm_addsubdf3.o)
                              ./source/marton78_pffft/accelerated_powerquad.o (__aeabi_ui2d)
c:/nxp/mcuxpressoide_11.4.0_6224/ide/plugins/com.nxp.mcuxpresso.tools.win32_11.4.0.202103011116/tools/bin/../lib/gcc/arm-none-eabi/10.2.1/thumb/v8-m.main+fp/hard\libgcc.a(_arm_muldivdf3.o)
                              ./source/marton78_pffft/accelerated_powerquad.o (__aeabi_ddiv)
c:/nxp/mcuxpressoide_11.4.0_6224/ide/plugins/com.nxp.mcuxpresso.tools.win32_11.4.0.202103011116/tools/bin/../lib/gcc/arm-none-eabi/10.2.1/thumb/v8-m.main+fp/hard\libgcc.a(_aeabi_uldivmod.o)
                              ./drivers/fsl_clock.o (__aeabi_uldivmod)
c:/nxp/mcuxpressoide_11.4.0_6224/ide/plugins/com.nxp.mcuxpresso.tools.win32_11.4.0.202103011116/tools/bin/../lib/gcc/arm-none-eabi/10.2.1/thumb/v8-m.main+fp/hard\libgcc.a(_fixunssfdi.o)
                              ./device/system_LPC55S69_cm33_core0.o (__aeabi_f2ulz)
c:/nxp/mcuxpressoide_11.4.0_6224/ide/plugins/com.nxp.mcuxpresso.tools.win32_11.4.0.202103011116/tools/bin/../lib/gcc/arm-none-eabi/10.2.1/thumb/v8-m.main+fp/hard\libgcc.a(_udivmoddi4.o)
                              c:/nxp/mcuxpressoide_11.4.0_6224/ide/plugins/com.nxp.mcuxpresso.tools.win32_11.4.0.202103011116/tools/bin/../lib/gcc/arm-none-eabi/10.2.1/thumb/v8-m.main+fp/hard\libgcc.a(_aeabi_uldivmod.o) (__udivmoddi4)
c:/nxp/mcuxpressoide_11.4.0_6224/ide/plugins/com.nxp.mcuxpresso.tools.win32_11.4.0.202103011116/tools/bin/../lib/gcc/arm-none-eabi/10.2.1/thumb/v8-m.main+fp/hard\libgcc.a(_dvmd_tls.o)
                              c:/nxp/mcuxpressoide_11.4.0_6224/ide/plugins/com.nxp.mcuxpresso.tools.win32_11.4.0.202103011116/tools/bin/../lib/gcc/arm-none-eabi/10.2.1/thumb/v8-m.main+fp/hard\libgcc.a(_aeabi_uldivmod.o) (__aeabi_ldiv0)
c:/nxp/mcuxpressoide_11.4.0_6224/ide/plugins/com.nxp.mcuxpresso.tools.win32_11.4.0.202103011116/tools/bin/../lib/gcc/arm-none-eabi/10.2.1/thumb/v8-m.main+fp/hard\libgcc.a(_arm_fixunsdfsi.o)
                              c:/nxp/mcuxpressoide_11.4.0_6224/ide/plugins/com.nxp.mcuxpresso.tools.win32_11.4.0.202103011116/tools/bin/../lib/gcc/arm-none-eabi/10.2.1/thumb/v8-m.main+fp/hard\libgcc.a(_fixunssfdi.o) (__aeabi_d2uiz)
c:/nxp/mcuxpressoide_11.4.0_6224/ide/plugins/com.nxp.mcuxpresso.tools.win32_11.4.0.202103011116/tools/bin/../lib/gcc/arm-none-eabi/10.2.1/../../../../arm-none-eabi/lib/thumb/v8-m.main+fp/hard\libc.a(lib_a-assert.o)
                              ./source/marton78_pffft/self_contained_code.o (__assert_func)
c:/nxp/mcuxpressoide_11.4.0_6224/ide/plugins/com.nxp.mcuxpresso.tools.win32_11.4.0.202103011116/tools/bin/../lib/gcc/arm-none-eabi/10.2.1/../../../../arm-none-eabi/lib/thumb/v8-m.main+fp/hard\libc.a(lib_a-clock.o)
                              ./source/marton78_pffft/accelerated_powerquad.o (clock)
c:/nxp/mcuxpressoide_11.4.0_6224/ide/plugins/com.nxp.mcuxpresso.tools.win32_11.4.0.202103011116/tools/bin/../lib/gcc/arm-none-eabi/10.2.1/../../../../arm-none-eabi/lib/thumb/v8-m.main+fp/hard\libc.a(lib_a-errno.o)
                              ./utilities/fsl_str.o (__errno)
c:/nxp/mcuxpressoide_11.4.0_6224/ide/plugins/com.nxp.mcuxpresso.tools.win32_11.4.0.202103011116/tools/bin/../lib/gcc/arm-none-eabi/10.2.1/../../../../arm-none-eabi/lib/thumb/v8-m.main+fp/hard\libc.a(lib_a-fiprintf.o)
                              c:/nxp/mcuxpressoide_11.4.0_6224/ide/plugins/com.nxp.mcuxpresso.tools.win32_11.4.0.202103011116/tools/bin/../lib/gcc/arm-none-eabi/10.2.1/../../../../arm-none-eabi/lib/thumb/v8-m.main+fp/hard\libc.a(lib_a-assert.o) (fiprintf)
c:/nxp/mcuxpressoide_11.4.0_6224/ide/plugins/com.nxp.mcuxpresso.tools.win32_11.4.0.202103011116/tools/bin/../lib/gcc/arm-none-eabi/10.2.1/../../../../arm-none-eabi/lib/thumb/v8-m.main+fp/hard\libc.a(lib_a-impure.o)
                              c:/nxp/mcuxpressoide_11.4.0_6224/ide/plugins/com.nxp.mcuxpresso.tools.win32_11.4.0.202103011116/tools/bin/../lib/gcc/arm-none-eabi/10.2.1/../../../../arm-none-eabi/lib/thumb/v8-m.main+fp/hard\libc.a(lib_a-assert.o) (_impure_ptr)
c:/nxp/mcuxpressoide_11.4.0_6224/ide/plugins/com.nxp.mcuxpresso.tools.win32_11.4.0.202103011116/tools/bin/../lib/gcc/arm-none-eabi/10.2.1/../../../../arm-none-eabi/lib/thumb/v8-m.main+fp/hard\libc.a(lib_a-malloc.o)
                              ./source/marton78_pffft/input_generator.o (malloc)
c:/nxp/mcuxpressoide_11.4.0_6224/ide/plugins/com.nxp.mcuxpresso.tools.win32_11.4.0.202103011116/tools/bin/../lib/gcc/arm-none-eabi/10.2.1/../../../../arm-none-eabi/lib/thumb/v8-m.main+fp/hard\libc.a(lib_a-mallocr.o)
[...]
Memory Configuration

Name             Origin             Length             Attributes
PROGRAM_FLASH    0x00000000         0x00098000         xr
SRAM             0x20000000         0x00040000         xrw
SRAMX            0x04000000         0x00008000         xrw
USB_RAM          0x40100000         0x00004000         xrw
SRAM4            0x20040000         0x00004000         xrw
*default*        0x00000000         0xffffffff

Linker script and memory map

LOAD ./utilities/fsl_debug_console.o
LOAD ./utilities/fsl_str.o
LOAD ./startup/boot_multicore_slave.o
LOAD ./startup/startup_lpc55s69_cm33_core0.o
LOAD ./source/xiahouzouxin_fft/accelerated_powerquad.o
LOAD ./source/xiahouzouxin_fft/defines.o
LOAD ./source/xiahouzouxin_fft/input_generator.o
LOAD ./source/xiahouzouxin_fft/self_contained_code.o
LOAD ./source/xiahouzouxin_fft/wrapper.o
LOAD ./source/xbarin02_uFFT_2/accelerated_powerquad.o
LOAD ./source/xbarin02_uFFT_2/defines.o
LOAD ./source/xbarin02_uFFT_2/input_generator.o
LOAD ./source/xbarin02_uFFT_2/self_contained_code.o
LOAD ./source/xbarin02_uFFT_2/wrapper.o
LOAD ./source/xbarin02_uFFT/accelerated_powerquad.o
LOAD ./source/xbarin02_uFFT/defines.o
LOAD ./source/xbarin02_uFFT/input_generator.o
LOAD ./source/xbarin02_uFFT/self_contained_code.o
LOAD ./source/xbarin02_uFFT/wrapper.o
LOAD ./source/tasimon_FFT/accelerated_powerquad.o
LOAD ./source/tasimon_FFT/defines.o
LOAD ./source/tasimon_FFT/input_generator.o
LOAD ./source/tasimon_FFT/self_contained_code.o
LOAD ./source/tasimon_FFT/wrapper.o
LOAD ./source/omnister_fftp/accelerated_powerquad.o
LOAD ./source/omnister_fftp/defines.o
LOAD ./source/omnister_fftp/input_generator.o
LOAD ./source/omnister_fftp/self_contained_code.o
LOAD ./source/omnister_fftp/wrapper.o
LOAD ./source/mozanunal_SimpleDSP/accelerated_powerquad.o
LOAD ./source/mozanunal_SimpleDSP/defines.o
LOAD ./source/mozanunal_SimpleDSP/input_generator.o
LOAD ./source/mozanunal_SimpleDSP/self_contained_code.o
LOAD ./source/mozanunal_SimpleDSP/wrapper.o
LOAD ./source/mborgerding_kissfft/accelerated_powerquad.o
LOAD ./source/mborgerding_kissfft/defines.o
LOAD ./source/mborgerding_kissfft/input_generator.o
LOAD ./source/mborgerding_kissfft/self_contained_code.o
LOAD ./source/mborgerding_kissfft/wrapper.o
LOAD ./source/marton78_pffft/accelerated_powerquad.o
LOAD ./source/marton78_pffft/defines.o
LOAD ./source/marton78_pffft/in_context_original.o
LOAD ./source/marton78_pffft/input_generator.o
LOAD ./source/marton78_pffft/self_contained_code.o
LOAD ./source/liscio_fft_2/defines.o
LOAD ./source/liscio_fft_2/input_generator.o
LOAD ./source/liscio_fft_2/self_contained_code.o
LOAD ./source/liscio_fft_2/wrapper.o
LOAD ./source/liscio_fft/accelerated_powerquad.o
LOAD ./source/liscio_fft/defines.o
LOAD ./source/liscio_fft/input_generator.o
LOAD ./source/liscio_fft/self_contained_code.o
LOAD ./source/liscio_fft/wrapper.o
LOAD ./source/jtfell_c-fft/accelerated_powerquad.o
LOAD ./source/jtfell_c-fft/defines.o
LOAD ./source/jtfell_c-fft/input_generator.o
LOAD ./source/jtfell_c-fft/self_contained_code.o
LOAD ./source/jtfell_c-fft/wrapper.o
LOAD ./source/gregfjohnson_fft/accelerated_powerquad.o
LOAD ./source/gregfjohnson_fft/defines.o
LOAD ./source/gregfjohnson_fft/input_generator.o
LOAD ./source/gregfjohnson_fft/self_contained_code.o
LOAD ./source/gregfjohnson_fft/wrapper.o
LOAD ./source/dlinyj_fft/accelerated_powerquad.o
LOAD ./source/dlinyj_fft/defines.o
LOAD ./source/dlinyj_fft/input_generator.o
LOAD ./source/dlinyj_fft/self_contained_code.o
LOAD ./source/dlinyj_fft/wrapper.o
LOAD ./source/crc32/gityf_crc/original.o
LOAD ./source/crc32/gityf_crc/wrapper.o
LOAD ./source/crc32/crc32_api.o
LOAD ./source/crc32/crc32_main.o
LOAD ./source/cpuimage_cpuFFT/accelerated_powerquad.o
LOAD ./source/cpuimage_cpuFFT/defines.o
LOAD ./source/cpuimage_cpuFFT/input_generator.o
LOAD ./source/cpuimage_cpuFFT/self_contained_code.o
LOAD ./source/cpuimage_cpuFFT/wrapper.o
LOAD ./source/cpuimage_StockhamFFT/accelerated_powerquad.o
LOAD ./source/cpuimage_StockhamFFT/defines.o
LOAD ./source/cpuimage_StockhamFFT/input_generator.o
LOAD ./source/cpuimage_StockhamFFT/self_contained_code.o
LOAD ./source/cpuimage_StockhamFFT/wrapper.o
LOAD ./source/cpuimage_FFTResampler/accelerated_powerquad.o
LOAD ./source/cpuimage_FFTResampler/defines.o
LOAD ./source/cpuimage_FFTResampler/input_generator.o
LOAD ./source/cpuimage_FFTResampler/self_contained_code.o
LOAD ./source/cpuimage_FFTResampler/wrapper.o
LOAD ./source/clib/fft_synth/lib.o
LOAD ./source/clib/synthesizer.o
LOAD ./source/akw0088_fft/accelerated_powerquad.o
LOAD ./source/akw0088_fft/defines.o
LOAD ./source/akw0088_fft/input_generator.o
LOAD ./source/akw0088_fft/self_contained_code.o
LOAD ./source/akw0088_fft/wrapper.o
LOAD ./source/MiBench_MiBench/accelerated_powerquad.o
LOAD ./source/MiBench_MiBench/defines.o
LOAD ./source/MiBench_MiBench/input_generator.o
LOAD ./source/MiBench_MiBench/self_contained_code.o
LOAD ./source/MiBench_MiBench/wrapper.o
LOAD ./source/JodiTheTigger_meow_fft/accelerated_powerquad.o
LOAD ./source/JodiTheTigger_meow_fft/context_code.o
LOAD ./source/JodiTheTigger_meow_fft/defines.o
LOAD ./source/JodiTheTigger_meow_fft/in_context_original.o
LOAD ./source/JodiTheTigger_meow_fft/input_generator.o
LOAD ./source/LPC55S69_Project.o
LOAD ./source/fft_api.o
LOAD ./source/semihost_hardfault.o
LOAD ./drivers/fsl_clock.o
LOAD ./drivers/fsl_common.o
LOAD ./drivers/fsl_common_arm.o
LOAD ./drivers/fsl_crc.o
LOAD ./drivers/fsl_flexcomm.o
LOAD ./drivers/fsl_gpio.o
LOAD ./drivers/fsl_i2c.o
LOAD ./drivers/fsl_powerquad_basic.o
LOAD ./drivers/fsl_powerquad_cmsis.o
LOAD ./drivers/fsl_powerquad_data.o
LOAD ./drivers/fsl_powerquad_filter.o
LOAD ./drivers/fsl_powerquad_math.o
LOAD ./drivers/fsl_powerquad_matrix.o
LOAD ./drivers/fsl_powerquad_transform.o
LOAD ./drivers/fsl_reset.o
LOAD ./drivers/fsl_usart.o
LOAD ./device/system_LPC55S69_cm33_core0.o
LOAD ./component/uart/fsl_adapter_usart.o
LOAD ./component/serial_manager/fsl_component_serial_manager.o
LOAD ./component/serial_manager/fsl_component_serial_port_uart.o
LOAD ./component/lists/fsl_component_generic_list.o
LOAD ./board/board.o
LOAD ./board/clock_config.o
LOAD ./board/peripherals.o
LOAD ./board/pin_mux.o
LOAD ./LPC55S69/drivers/fsl_power.o
LOAD C:\Users\woodr\mcuexpresso\LPC55S69_Project\LPC55S69\mcuxpresso\libpower_hardabi.a
LOAD C:\Users\woodr\mcuexpresso\LPC55S69_Project\CMSIS\DSP\libarm_ARMv8MMLldfsp_math.a
START GROUP
LOAD c:/nxp/mcuxpressoide_11.4.0_6224/ide/plugins/com.nxp.mcuxpresso.tools.win32_11.4.0.202103011116/tools/bin/../lib/gcc/arm-none-eabi/10.2.1/thumb/v8-m.main+fp/hard\libgcc.a
LOAD c:/nxp/mcuxpressoide_11.4.0_6224/ide/plugins/com.nxp.mcuxpresso.tools.win32_11.4.0.202103011116/tools/bin/../lib/gcc/arm-none-eabi/10.2.1/../../../../arm-none-eabi/lib/thumb/v8-m.main+fp/hard\libc.a
LOAD c:/nxp/mcuxpressoide_11.4.0_6224/ide/plugins/com.nxp.mcuxpresso.tools.win32_11.4.0.202103011116/tools/bin/../lib/gcc/arm-none-eabi/10.2.1/../../../../arm-none-eabi/lib/thumb/v8-m.main+fp/hard\libm.a
LOAD c:/nxp/mcuxpressoide_11.4.0_6224/ide/plugins/com.nxp.mcuxpresso.tools.win32_11.4.0.202103011116/tools/bin/../lib/gcc/arm-none-eabi/10.2.1/../../../../arm-none-eabi/lib/thumb/v8-m.main+fp/hard\libcr_newlib_semihost.a
END GROUP
                0x00000000                __base_PROGRAM_FLASH = 0x0
                0x00000000                __base_Flash = 0x0
                0x00098000                __top_PROGRAM_FLASH = 0x98000
                0x00098000                __top_Flash = 0x98000
                0x20000000                __base_SRAM = 0x20000000
                0x20000000                __base_RAM = 0x20000000
                0x20040000                __top_SRAM = 0x20040000
                0x20040000                __top_RAM = 0x20040000
                0x04000000                __base_SRAMX = 0x4000000
                0x04000000                __base_RAM2 = 0x4000000
                0x04008000                __top_SRAMX = 0x4008000
                0x04008000                __top_RAM2 = 0x4008000
                0x40100000                __base_USB_RAM = 0x40100000
                0x40100000                __base_RAM3 = 0x40100000
                0x40104000                __top_USB_RAM = 0x40104000
                0x40104000                __top_RAM3 = 0x40104000
                0x20040000                __base_SRAM4 = 0x20040000
                0x20040000                __base_RAM4 = 0x20040000
                0x20044000                __top_SRAM4 = 0x20044000
                0x20044000                __top_RAM4 = 0x20044000

.text           0x00000000    0x1087c
 FILL mask 0xff
                0x00000000                __vectors_start__ = ABSOLUTE (.)
 *(SORT_BY_ALIGNMENT(.isr_vector))
 .isr_vector    0x00000000      0x130 ./startup/startup_lpc55s69_cm33_core0.o
                0x00000000                g_pfnVectors
                0x00000000                __Vectors
                0x00000130                . = ALIGN (0x4)
                0x00000130                __section_table_start = .
                0x00000130                __data_section_table = .
                0x00000130        0x4 LONG 0x10884 LOADADDR (.data)
                0x00000134        0x4 LONG 0x20000000 ADDR (.data)
                0x00000138        0x4 LONG 0x9d8 SIZEOF (.data)
                0x0000013c        0x4 LONG 0x10884 LOADADDR (.data_RAM2)
                0x00000140        0x4 LONG 0x4000000 ADDR (.data_RAM2)
                0x00000144        0x4 LONG 0x0 SIZEOF (.data_RAM2)
                0x00000148        0x4 LONG 0x10884 LOADADDR (.data_RAM3)
                0x0000014c        0x4 LONG 0x40100000 ADDR (.data_RAM3)
                0x00000150        0x4 LONG 0x0 SIZEOF (.data_RAM3)
                0x00000154        0x4 LONG 0x10884 LOADADDR (.data_RAM4)
                0x00000158        0x4 LONG 0x20040000 ADDR (.data_RAM4)
                0x0000015c        0x4 LONG 0x0 SIZEOF (.data_RAM4)
                0x00000160                __data_section_table_end = .
                0x00000160                __bss_section_table = .
                0x00000160        0x4 LONG 0x200009d8 ADDR (.bss)
                0x00000164        0x4 LONG 0xf4 SIZEOF (.bss)
                0x00000168        0x4 LONG 0x4000000 ADDR (.bss_RAM2)
                0x0000016c        0x4 LONG 0x0 SIZEOF (.bss_RAM2)
                0x00000170        0x4 LONG 0x40100000 ADDR (.bss_RAM3)
                0x00000174        0x4 LONG 0x0 SIZEOF (.bss_RAM3)
                0x00000178        0x4 LONG 0x20040000 ADDR (.bss_RAM4)
                0x0000017c        0x4 LONG 0x0 SIZEOF (.bss_RAM4)
                0x00000180                __bss_section_table_end = .
                0x00000180                __section_table_end = .
 *(SORT_BY_ALIGNMENT(.after_vectors*))
 .after_vectors.reset
                0x00000180       0x68 ./startup/startup_lpc55s69_cm33_core0.o
                0x00000180                ResetISR
 .after_vectors.init_data
                0x000001e8       0x1e ./startup/startup_lpc55s69_cm33_core0.o
                0x000001e8                data_init
 .after_vectors.init_bss
                0x00000206       0x12 ./startup/startup_lpc55s69_cm33_core0.o
                0x00000206                bss_init
 .after_vectors
                0x00000218       0x16 ./startup/startup_lpc55s69_cm33_core0.o
                0x00000218                NMI_Handler
                0x0000021c                MemManage_Handler
                0x0000021e                BusFault_Handler
                0x00000220                UsageFault_Handler
                0x00000222                SecureFault_Handler
                0x00000224                SVC_Handler
                0x00000226                DebugMon_Handler
                0x00000228                PendSV_Handler
                0x0000022a                SysTick_Handler
                0x0000022c                Reserved56_DriverIRQHandler
                0x0000022c                PIN_INT0_DriverIRQHandler
                0x0000022c                CTIMER2_DriverIRQHandler
                0x0000022c                PIN_INT2_DriverIRQHandler
                0x0000022c                PIN_INT3_DriverIRQHandler
                0x0000022c                IntDefaultHandler
                0x0000022c                USB0_DriverIRQHandler
                0x0000022c                CASER_DriverIRQHandler
                0x0000022c                MRT0_DriverIRQHandler
                0x0000022c                UTICK0_DriverIRQHandler
                0x0000022c                Reserved41_DriverIRQHandler
                0x0000022c                PIN_INT4_DriverIRQHandler
                0x0000022c                PIN_INT5_DriverIRQHandler
                0x0000022c                SEC_GPIO_INT0_IRQ0_DriverIRQHandler
                0x0000022c                CTIMER4_DriverIRQHandler
                0x0000022c                GINT1_DriverIRQHandler
                0x0000022c                PIN_INT7_DriverIRQHandler
                0x0000022c                Reserved55_DriverIRQHandler
                0x0000022c                SEC_VIO_DriverIRQHandler
                0x0000022c                USB0_NEEDCLK_DriverIRQHandler
                0x0000022c                CTIMER0_DriverIRQHandler
                0x0000022c                CTIMER1_DriverIRQHandler
                0x0000022c                Reserved42_DriverIRQHandler
                0x0000022c                PIN_INT6_DriverIRQHandler
                0x0000022c                PQ_DriverIRQHandler
                0x0000022c                MAILBOX_DriverIRQHandler
                0x0000022c                PIN_INT1_DriverIRQHandler
                0x0000022c                CTIMER3_DriverIRQHandler
                0x0000022c                Reserved61_DriverIRQHandler
                0x0000022c                SEC_GPIO_INT0_IRQ1_DriverIRQHandler
                0x0000022c                PUF_DriverIRQHandler
                0x0000022c                RTC_DriverIRQHandler
                0x0000022c                DMA0_DriverIRQHandler
                0x0000022c                Reserved39_DriverIRQHandler
                0x0000022c                USB1_DriverIRQHandler
                0x0000022c                Reserved60_DriverIRQHandler
                0x0000022c                DMA1_DriverIRQHandler
                0x0000022c                ADC0_DriverIRQHandler
                0x0000022c                USB1_NEEDCLK_DriverIRQHandler
                0x0000022c                Reserved59_DriverIRQHandler
                0x0000022c                SDIO_DriverIRQHandler
                0x0000022c                GINT0_DriverIRQHandler
                0x0000022c                USB1_PHY_DriverIRQHandler
                0x0000022c                ACMP_DriverIRQHandler
                0x0000022c                Reserved57_DriverIRQHandler
                0x0000022c                HASHCRYPT_DriverIRQHandler
                0x0000022c                Reserved46_DriverIRQHandler
                0x0000022c                WDT_BOD_DriverIRQHandler
                0x0000022c                SCT0_DriverIRQHandler
                0x0000022c                PLU_DriverIRQHandler
                0x0000022c                OS_EVENT_DriverIRQHandler
                0x0000022c                SEC_HYPERVISOR_CALL_DriverIRQHandler
 *(SORT_BY_ALIGNMENT(.text*))
 *fill*         0x0000022e        0x2 ff
 .text._vfprintf_r
                0x00000230     0x1bb8 c:/nxp/mcuxpressoide_11.4.0_6224/ide/plugins/com.nxp.mcuxpresso.tools.win32_11.4.0.202103011116/tools/bin/../lib/gcc/arm-none-eabi/10.2.1/../../../../arm-none-eabi/lib/thumb/v8-m.main+fp/hard\libc.a(lib_a-vfprintf.o)
                0x00000230                _vfprintf_r
 .text._dtoa_r  0x00001de8      0xf54 c:/nxp/mcuxpressoide_11.4.0_6224/ide/plugins/com.nxp.mcuxpresso.tools.win32_11.4.0.202103011116/tools/bin/../lib/gcc/arm-none-eabi/10.2.1/../../../../arm-none-eabi/lib/thumb/v8-m.main+fp/hard\libc.a(lib_a-dtoa.o)
                0x00001de8                _dtoa_r
 .text.DbgConsole_Init
                0x00002d3c      0x118 ./utilities/fsl_debug_console.o
                0x00002d3c                DbgConsole_Init
 .text.run_original
                0x00002e54      0x154 ./source/marton78_pffft/in_context_original.o
                0x00002e54                run_original
 .text.passf3_ps
                0x00002fa8      0x378 ./source/marton78_pffft/self_contained_code.o
 .text.passf5_ps
                0x00003320      0x790 ./source/marton78_pffft/self_contained_code.o
 .text.radf2_ps
                0x00003ab0      0x2bc ./source/marton78_pffft/self_contained_code.o
 .text.radb2_ps
                0x00003d6c      0x2d4 ./source/marton78_pffft/self_contained_code.o
 .text.radf3_ps
                0x00004040      0x4c0 ./source/marton78_pffft/self_contained_code.o
 .text.radb3_ps
                0x00004500      0x560 ./source/marton78_pffft/self_contained_code.o
 .text.radf4_ps
                0x00004a60      0x6e8 ./source/marton78_pffft/self_contained_code.o
 .text.radb4_ps
                0x00005148      0x790 ./source/marton78_pffft/self_contained_code.o
 .text.radf5_ps
                0x000058d8      0xc0c ./source/marton78_pffft/self_contained_code.o
 .text.radb5_ps
                0x000064e4      0xc80 ./source/marton78_pffft/self_contained_code.o
 .text.rfftf1_ps
                0x00007164      0x1d4 ./source/marton78_pffft/self_contained_code.o
 .text.rfftb1_ps
                0x00007338      0x1c0 ./source/marton78_pffft/self_contained_code.o
 .text.rffti1_ps
                0x000074f8      0x158 ./source/marton78_pffft/self_contained_code.o
 .text.cffti1_ps
                0x00007650      0x1a8 ./source/marton78_pffft/self_contained_code.o
 .text.cfftf1_ps
                0x000077f8      0x208 ./source/marton78_pffft/self_contained_code.o
 .text.pffft_new_setup
                0x00007a00      0x274 ./source/marton78_pffft/self_contained_code.o
                0x00007a00                pffft_new_setup
 .text.pffft_transform_internal
                0x00007c74      0x39c ./source/marton78_pffft/self_contained_code.o
                0x00007c74                pffft_transform_internal
 .text.main     0x00008010       0x8c ./source/LPC55S69_Project.o
                0x00008010                main
 .text.POWER_EnablePD
                0x0000809c       0x20 ./drivers/fsl_clock.o
 .text.POWER_DisablePD
                0x000080bc       0x20 ./drivers/fsl_clock.o
 .text.CLOCK_AttachClk
                0x000080dc       0x98 ./drivers/fsl_clock.o
                0x000080dc                CLOCK_AttachClk
 .text.CLOCK_SetClkDiv
                0x00008174       0x80 ./drivers/fsl_clock.o
                0x00008174                CLOCK_SetClkDiv
 .text.CLOCK_SetupFROClocking
                0x000081f4       0x80 ./drivers/fsl_clock.o
                0x000081f4                CLOCK_SetupFROClocking
 .text.CLOCK_SetFLASHAccessCyclesForFreq
                0x00008274      0x148 ./drivers/fsl_clock.o
                0x00008274                CLOCK_SetFLASHAccessCyclesForFreq
 .text.CLOCK_SetupExtClocking
                0x000083bc       0x50 ./drivers/fsl_clock.o
                0x000083bc                CLOCK_SetupExtClocking
 .text.CLOCK_GetFro1MFreq
                0x0000840c       0x28 ./drivers/fsl_clock.o
                0x0000840c                CLOCK_GetFro1MFreq
 .text.CLOCK_GetExtClkFreq
                0x00008434       0x2c ./drivers/fsl_clock.o
                0x00008434                CLOCK_GetExtClkFreq
 .text.CLOCK_GetOsc32KFreq
                0x00008460       0x58 ./drivers/fsl_clock.o
                0x00008460                CLOCK_GetOsc32KFreq
 .text.CLOCK_GetPLL0InClockRate
                0x000084b8       0x64 ./drivers/fsl_clock.o
                0x000084b8                CLOCK_GetPLL0InClockRate
 .text.CLOCK_SetPLL0Freq
                0x0000851c      0x12c ./drivers/fsl_clock.o
                0x0000851c                CLOCK_SetPLL0Freq
 .text.SDK_DelayAtLeastUs
                0x00008648       0x98 ./drivers/fsl_common_arm.o
                0x00008648                SDK_DelayAtLeastUs
 .text.FLEXCOMM_GetInstance
                0x000086e0       0x5c ./drivers/fsl_flexcomm.o
                0x000086e0                FLEXCOMM_GetInstance
 .text.FLEXCOMM_Init
                0x0000873c       0x50 ./drivers/fsl_flexcomm.o
                0x0000873c                FLEXCOMM_Init
 .text.FLEXCOMM0_DriverIRQHandler
                0x0000878c       0x68 ./drivers/fsl_flexcomm.o
                0x0000878c                FLEXCOMM0_DriverIRQHandler
 .text.FLEXCOMM1_DriverIRQHandler
                0x000087f4       0x68 ./drivers/fsl_flexcomm.o
                0x000087f4                FLEXCOMM1_DriverIRQHandler
 .text.FLEXCOMM2_DriverIRQHandler
                0x0000885c       0x68 ./drivers/fsl_flexcomm.o
                0x0000885c                FLEXCOMM2_DriverIRQHandler
 .text.FLEXCOMM3_DriverIRQHandler
                0x000088c4       0x68 ./drivers/fsl_flexcomm.o
                0x000088c4                FLEXCOMM3_DriverIRQHandler
 .text.FLEXCOMM4_DriverIRQHandler
                0x0000892c       0x68 ./drivers/fsl_flexcomm.o
                0x0000892c                FLEXCOMM4_DriverIRQHandler
 .text.FLEXCOMM5_DriverIRQHandler
                0x00008994       0x68 ./drivers/fsl_flexcomm.o
                0x00008994                FLEXCOMM5_DriverIRQHandler
 .text.FLEXCOMM6_DriverIRQHandler
                0x000089fc       0x6c ./drivers/fsl_flexcomm.o
                0x000089fc                FLEXCOMM6_DriverIRQHandler
 .text.FLEXCOMM7_DriverIRQHandler
                0x00008a68       0x6c ./drivers/fsl_flexcomm.o
                0x00008a68                FLEXCOMM7_DriverIRQHandler
 .text.FLEXCOMM8_DriverIRQHandler
                0x00008ad4       0x6c ./drivers/fsl_flexcomm.o
                0x00008ad4                FLEXCOMM8_DriverIRQHandler
 .text.PQ_Init  0x00008b40       0x2c ./drivers/fsl_powerquad_basic.o
                0x00008b40                PQ_Init
 .text.RESET_SetPeripheralReset
                0x00008b6c       0x6c ./drivers/fsl_reset.o
                0x00008b6c                RESET_SetPeripheralReset
 .text.RESET_ClearPeripheralReset
                0x00008bd8       0x6c ./drivers/fsl_reset.o
                0x00008bd8                RESET_ClearPeripheralReset
 .text.USART_Init
                0x00008c44      0x1d8 ./drivers/fsl_usart.o
                0x00008c44                USART_Init
 .text.USART_GetDefaultConfig
                0x00008e1c       0x90 ./drivers/fsl_usart.o
                0x00008e1c                USART_GetDefaultConfig
 .text.USART_SetBaudRate
                0x00008eac      0x184 ./drivers/fsl_usart.o
                0x00008eac                USART_SetBaudRate
 .text.SystemInit
                0x00009030       0x64 ./device/system_LPC55S69_cm33_core0.o
                0x00009030                SystemInit
 .text.HAL_UartInitCommon
                0x00009094      0x138 ./component/uart/fsl_adapter_usart.o
 .text.BOARD_InitDebugConsole
                0x000091cc       0x38 ./board/board.o
                0x000091cc                BOARD_InitDebugConsole
 .text.POWER_DisablePD
                0x00009204       0x20 ./board/clock_config.o
 .text.BOARD_BootClockPLL150M
                0x00009224       0xe0 ./board/clock_config.o
                0x00009224                BOARD_BootClockPLL150M
 .text.BOARD_InitDEBUG_UARTPins
                0x00009304       0x3c ./board/pin_mux.o
                0x00009304                BOARD_InitDEBUG_UARTPins
 .text.lowpower_set_system_voltage
                0x00009340       0xa0 C:\Users\woodr\mcuexpresso\LPC55S69_Project\LPC55S69\mcuxpresso\libpower_hardabi.a(fsl_power_lib.o)
 .text.lowpower_set_voltage_for_process
                0x000093e0       0x84 C:\Users\woodr\mcuexpresso\LPC55S69_Project\LPC55S69\mcuxpresso\libpower_hardabi.a(fsl_power_lib.o)
 .text.POWER_SetVoltageForFreq
                0x00009464       0x84 C:\Users\woodr\mcuexpresso\LPC55S69_Project\LPC55S69\mcuxpresso\libpower_hardabi.a(fsl_power_lib.o)
                0x00009464                POWER_SetVoltageForFreq
 .text          0x000094e8      0x378 c:/nxp/mcuxpressoide_11.4.0_6224/ide/plugins/com.nxp.mcuxpresso.tools.win32_11.4.0.202103011116/tools/bin/../lib/gcc/arm-none-eabi/10.2.1/thumb/v8-m.main+fp/hard\libgcc.a(_arm_addsubdf3.o)
                0x000094e8                __aeabi_drsub
                0x000094f0                __aeabi_dsub
                0x000094f0                __subdf3
                0x000094f4                __aeabi_dadd
                0x000094f4                __adddf3
                0x0000976c                __floatunsidf
                0x0000976c                __aeabi_ui2d
                0x0000978c                __floatsidf
                0x0000978c                __aeabi_i2d
                0x000097b0                __aeabi_f2d
                0x000097b0                __extendsfdf2
                0x000097f4                __floatundidf
                0x000097f4                __aeabi_ul2d
                0x00009804                __floatdidf
                0x00009804                __aeabi_l2d
 .text          0x00009860      0x424 c:/nxp/mcuxpressoide_11.4.0_6224/ide/plugins/com.nxp.mcuxpresso.tools.win32_11.4.0.202103011116/tools/bin/../lib/gcc/arm-none-eabi/10.2.1/thumb/v8-m.main+fp/hard\libgcc.a(_arm_muldivdf3.o)
                0x00009860                __aeabi_dmul
                0x00009860                __muldf3
                0x00009ab4                __divdf3
                0x00009ab4                __aeabi_ddiv
 .text          0x00009c84       0x30 c:/nxp/mcuxpressoide_11.4.0_6224/ide/plugins/com.nxp.mcuxpresso.tools.win32_11.4.0.202103011116/tools/bin/../lib/gcc/arm-none-eabi/10.2.1/thumb/v8-m.main+fp/hard\libgcc.a(_aeabi_uldivmod.o)
                0x00009c84                __aeabi_uldivmod
 .text          0x00009cb4      0x2ec c:/nxp/mcuxpressoide_11.4.0_6224/ide/plugins/com.nxp.mcuxpresso.tools.win32_11.4.0.202103011116/tools/bin/../lib/gcc/arm-none-eabi/10.2.1/thumb/v8-m.main+fp/hard\libgcc.a(_udivmoddi4.o)
                0x00009cb4                __udivmoddi4
 .text          0x00009fa0        0x4 c:/nxp/mcuxpressoide_11.4.0_6224/ide/plugins/com.nxp.mcuxpresso.tools.win32_11.4.0.202103011116/tools/bin/../lib/gcc/arm-none-eabi/10.2.1/thumb/v8-m.main+fp/hard\libgcc.a(_dvmd_tls.o)
                0x00009fa0                __aeabi_idiv0
                0x00009fa0                __aeabi_ldiv0
 .text.__assert_func
                0x00009fa4       0x3c c:/nxp/mcuxpressoide_11.4.0_6224/ide/plugins/com.nxp.mcuxpresso.tools.win32_11.4.0.202103011116/tools/bin/../lib/gcc/arm-none-eabi/10.2.1/../../../../arm-none-eabi/lib/thumb/v8-m.main+fp/hard\libc.a(lib_a-assert.o)
                0x00009fa4                __assert_func
 .text.clock    0x00009fe0       0x2c c:/nxp/mcuxpressoide_11.4.0_6224/ide/plugins/com.nxp.mcuxpresso.tools.win32_11.4.0.202103011116/tools/bin/../lib/gcc/arm-none-eabi/10.2.1/../../../../arm-none-eabi/lib/thumb/v8-m.main+fp/hard\libc.a(lib_a-clock.o)
                0x00009fe0                clock
 .text.__errno  0x0000a00c        0xc c:/nxp/mcuxpressoide_11.4.0_6224/ide/plugins/com.nxp.mcuxpresso.tools.win32_11.4.0.202103011116/tools/bin/../lib/gcc/arm-none-eabi/10.2.1/../../../../arm-none-eabi/lib/thumb/v8-m.main+fp/hard\libc.a(lib_a-errno.o)
                0x0000a00c                __errno
 .text.fiprintf
                0x0000a018       0x28 c:/nxp/mcuxpressoide_11.4.0_6224/ide/plugins/com.nxp.mcuxpresso.tools.win32_11.4.0.202103011116/tools/bin/../lib/gcc/arm-none-eabi/10.2.1/../../../../arm-none-eabi/lib/thumb/v8-m.main+fp/hard\libc.a(lib_a-fiprintf.o)
                0x0000a018                fiprintf
 .text.malloc   0x0000a040       0x10 c:/nxp/mcuxpressoide_11.4.0_6224/ide/plugins/com.nxp.mcuxpresso.tools.win32_11.4.0.202103011116/tools/bin/../lib/gcc/arm-none-eabi/10.2.1/../../../../arm-none-eabi/lib/thumb/v8-m.main+fp/hard\libc.a(lib_a-malloc.o)
                0x0000a040                malloc
 .text.free     0x0000a050       0x10 c:/nxp/mcuxpressoide_11.4.0_6224/ide/plugins/com.nxp.mcuxpresso.tools.win32_11.4.0.202103011116/tools/bin/../lib/gcc/arm-none-eabi/10.2.1/../../../../arm-none-eabi/lib/thumb/v8-m.main+fp/hard\libc.a(lib_a-malloc.o)
                0x0000a050                free
 .text._malloc_r
                0x0000a060      0x574 c:/nxp/mcuxpressoide_11.4.0_6224/ide/plugins/com.nxp.mcuxpresso.tools.win32_11.4.0.202103011116/tools/bin/../lib/gcc/arm-none-eabi/10.2.1/../../../../arm-none-eabi/lib/thumb/v8-m.main+fp/hard\libc.a(lib_a-mallocr.o)
                0x0000a060                _malloc_r
 .text          0x0000a5d4       0xec c:/nxp/mcuxpressoide_11.4.0_6224/ide/plugins/com.nxp.mcuxpresso.tools.win32_11.4.0.202103011116/tools/bin/../lib/gcc/arm-none-eabi/10.2.1/../../../../arm-none-eabi/lib/thumb/v8-m.main+fp/hard\libc.a(lib_a-memcpy.o)
                0x0000a5d4                memcpy
 .text.memset   0x0000a6c0       0xa4 c:/nxp/mcuxpressoide_11.4.0_6224/ide/plugins/com.nxp.mcuxpresso.tools.win32_11.4.0.202103011116/tools/bin/../lib/gcc/arm-none-eabi/10.2.1/../../../../arm-none-eabi/lib/thumb/v8-m.main+fp/hard\libc.a(lib_a-memset.o)
                0x0000a6c0                memset
 .text.__malloc_lock
                0x0000a764        0xc c:/nxp/mcuxpressoide_11.4.0_6224/ide/plugins/com.nxp.mcuxpresso.tools.win32_11.4.0.202103011116/tools/bin/../lib/gcc/arm-none-eabi/10.2.1/../../../../arm-none-eabi/lib/thumb/v8-m.main+fp/hard\libc.a(lib_a-mlock.o)
                0x0000a764                __malloc_lock
 .text.__malloc_unlock
                0x0000a770        0xc c:/nxp/mcuxpressoide_11.4.0_6224/ide/plugins/com.nxp.mcuxpresso.tools.win32_11.4.0.202103011116/tools/bin/../lib/gcc/arm-none-eabi/10.2.1/../../../../arm-none-eabi/lib/thumb/v8-m.main+fp/hard\libc.a(lib_a-mlock.o)
                0x0000a770                __malloc_unlock
 .text.printf   0x0000a77c       0x28 c:/nxp/mcuxpressoide_11.4.0_6224/ide/plugins/com.nxp.mcuxpresso.tools.win32_11.4.0.202103011116/tools/bin/../lib/gcc/arm-none-eabi/10.2.1/../../../../arm-none-eabi/lib/thumb/v8-m.main+fp/hard\libc.a(lib_a-printf.o)
                0x0000a77c                printf
 .text.srand    0x0000a7a4       0x10 c:/nxp/mcuxpressoide_11.4.0_6224/ide/plugins/com.nxp.mcuxpresso.tools.win32_11.4.0.202103011116/tools/bin/../lib/gcc/arm-none-eabi/10.2.1/../../../../arm-none-eabi/lib/thumb/v8-m.main+fp/hard\libc.a(lib_a-rand.o)
                0x0000a7a4                srand
 .text._sbrk_r  0x0000a7b4       0x24 c:/nxp/mcuxpressoide_11.4.0_6224/ide/plugins/com.nxp.mcuxpresso.tools.win32_11.4.0.202103011116/tools/bin/../lib/gcc/arm-none-eabi/10.2.1/../../../../arm-none-eabi/lib/thumb/v8-m.main+fp/hard\libc.a(lib_a-sbrkr.o)
                0x0000a7b4                _sbrk_r
 .text.strlen   0x0000a7d8       0x5c c:/nxp/mcuxpressoide_11.4.0_6224/ide/plugins/com.nxp.mcuxpresso.tools.win32_11.4.0.202103011116/tools/bin/../lib/gcc/arm-none-eabi/10.2.1/../../../../arm-none-eabi/lib/thumb/v8-m.main+fp/hard\libc.a(lib_a-strlen-stub.o)
                0x0000a7d8                strlen
 .text._times_r
                0x0000a834        0x8 c:/nxp/mcuxpressoide_11.4.0_6224/ide/plugins/com.nxp.mcuxpresso.tools.win32_11.4.0.202103011116/tools/bin/../lib/gcc/arm-none-eabi/10.2.1/../../../../arm-none-eabi/lib/thumb/v8-m.main+fp/hard\libc.a(lib_a-timesr.o)
                0x0000a834                _times_r
 .text.__sprint_r.part.0
                0x0000a83c       0x74 c:/nxp/mcuxpressoide_11.4.0_6224/ide/plugins/com.nxp.mcuxpresso.tools.win32_11.4.0.202103011116/tools/bin/../lib/gcc/arm-none-eabi/10.2.1/../../../../arm-none-eabi/lib/thumb/v8-m.main+fp/hard\libc.a(lib_a-vfiprintf.o)
 .text.__sprint_r
                0x0000a8b0       0x18 c:/nxp/mcuxpressoide_11.4.0_6224/ide/plugins/com.nxp.mcuxpresso.tools.win32_11.4.0.202103011116/tools/bin/../lib/gcc/arm-none-eabi/10.2.1/../../../../arm-none-eabi/lib/thumb/v8-m.main+fp/hard\libc.a(lib_a-vfiprintf.o)
                0x0000a8b0                __sprint_r
 .text._vfiprintf_r
                0x0000a8c8      0xda4 c:/nxp/mcuxpressoide_11.4.0_6224/ide/plugins/com.nxp.mcuxpresso.tools.win32_11.4.0.202103011116/tools/bin/../lib/gcc/arm-none-eabi/10.2.1/../../../../arm-none-eabi/lib/thumb/v8-m.main+fp/hard\libc.a(lib_a-vfiprintf.o)
                0x0000a8c8                _vfiprintf_r
 .text.__sbprintf
                0x0000b66c       0x80 c:/nxp/mcuxpressoide_11.4.0_6224/ide/plugins/com.nxp.mcuxpresso.tools.win32_11.4.0.202103011116/tools/bin/../lib/gcc/arm-none-eabi/10.2.1/../../../../arm-none-eabi/lib/thumb/v8-m.main+fp/hard\libc.a(lib_a-vfiprintf.o)
 .text.__sbprintf
                0x0000b6ec       0x80 c:/nxp/mcuxpressoide_11.4.0_6224/ide/plugins/com.nxp.mcuxpresso.tools.win32_11.4.0.202103011116/tools/bin/../lib/gcc/arm-none-eabi/10.2.1/../../../../arm-none-eabi/lib/thumb/v8-m.main+fp/hard\libc.a(lib_a-vfprintf.o)
 .text.__swsetup_r
                0x0000b76c       0xd4 c:/nxp/mcuxpressoide_11.4.0_6224/ide/plugins/com.nxp.mcuxpresso.tools.win32_11.4.0.202103011116/tools/bin/../lib/gcc/arm-none-eabi/10.2.1/../../../../arm-none-eabi/lib/thumb/v8-m.main+fp/hard\libc.a(lib_a-wsetup.o)
                0x0000b76c                __swsetup_r
 .text.abort    0x0000b840       0x10 c:/nxp/mcuxpressoide_11.4.0_6224/ide/plugins/com.nxp.mcuxpresso.tools.win32_11.4.0.202103011116/tools/bin/../lib/gcc/arm-none-eabi/10.2.1/../../../../arm-none-eabi/lib/thumb/v8-m.main+fp/hard\libc.a(lib_a-abort.o)
                0x0000b840                abort
 .text.quorem   0x0000b850      0x134 c:/nxp/mcuxpressoide_11.4.0_6224/ide/plugins/com.nxp.mcuxpresso.tools.win32_11.4.0.202103011116/tools/bin/../lib/gcc/arm-none-eabi/10.2.1/../../../../arm-none-eabi/lib/thumb/v8-m.main+fp/hard\libc.a(lib_a-dtoa.o)
 .text.__sflush_r
                0x0000b984      0x148 c:/nxp/mcuxpressoide_11.4.0_6224/ide/plugins/com.nxp.mcuxpresso.tools.win32_11.4.0.202103011116/tools/bin/../lib/gcc/arm-none-eabi/10.2.1/../../../../arm-none-eabi/lib/thumb/v8-m.main+fp/hard\libc.a(lib_a-fflush.o)
                0x0000b984                __sflush_r
 .text._fflush_r
                0x0000bacc       0x5c c:/nxp/mcuxpressoide_11.4.0_6224/ide/plugins/com.nxp.mcuxpresso.tools.win32_11.4.0.202103011116/tools/bin/../lib/gcc/arm-none-eabi/10.2.1/../../../../arm-none-eabi/lib/thumb/v8-m.main+fp/hard\libc.a(lib_a-fflush.o)
                0x0000bacc                _fflush_r
 .text._cleanup_r
                0x0000bb28        0xc c:/nxp/mcuxpressoide_11.4.0_6224/ide/plugins/com.nxp.mcuxpresso.tools.win32_11.4.0.202103011116/tools/bin/../lib/gcc/arm-none-eabi/10.2.1/../../../../arm-none-eabi/lib/thumb/v8-m.main+fp/hard\libc.a(lib_a-findfp.o)
                0x0000bb28                _cleanup_r
 .text.__sinit  0x0000bb34      0x110 c:/nxp/mcuxpressoide_11.4.0_6224/ide/plugins/com.nxp.mcuxpresso.tools.win32_11.4.0.202103011116/tools/bin/../lib/gcc/arm-none-eabi/10.2.1/../../../../arm-none-eabi/lib/thumb/v8-m.main+fp/hard\libc.a(lib_a-findfp.o)
                0x0000bb34                __sinit
 .text.__sfp_lock_acquire
                0x0000bc44        0xc c:/nxp/mcuxpressoide_11.4.0_6224/ide/plugins/com.nxp.mcuxpresso.tools.win32_11.4.0.202103011116/tools/bin/../lib/gcc/arm-none-eabi/10.2.1/../../../../arm-none-eabi/lib/thumb/v8-m.main+fp/hard\libc.a(lib_a-findfp.o)
                0x0000bc44                __sfp_lock_acquire
 .text.__sfp_lock_release
                0x0000bc50        0xc c:/nxp/mcuxpressoide_11.4.0_6224/ide/plugins/com.nxp.mcuxpresso.tools.win32_11.4.0.202103011116/tools/bin/../lib/gcc/arm-none-eabi/10.2.1/../../../../arm-none-eabi/lib/thumb/v8-m.main+fp/hard\libc.a(lib_a-findfp.o)
                0x0000bc50                __sfp_lock_release
 .text.__fputwc
                0x0000bc5c       0xa0 c:/nxp/mcuxpressoide_11.4.0_6224/ide/plugins/com.nxp.mcuxpresso.tools.win32_11.4.0.202103011116/tools/bin/../lib/gcc/arm-none-eabi/10.2.1/../../../../arm-none-eabi/lib/thumb/v8-m.main+fp/hard\libc.a(lib_a-fputwc.o)
                0x0000bc5c                __fputwc
 .text._fputwc_r
                0x0000bcfc       0x68 c:/nxp/mcuxpressoide_11.4.0_6224/ide/plugins/com.nxp.mcuxpresso.tools.win32_11.4.0.202103011116/tools/bin/../lib/gcc/arm-none-eabi/10.2.1/../../../../arm-none-eabi/lib/thumb/v8-m.main+fp/hard\libc.a(lib_a-fputwc.o)
                0x0000bcfc                _fputwc_r
 .text._malloc_trim_r
                0x0000bd64       0xa0 c:/nxp/mcuxpressoide_11.4.0_6224/ide/plugins/com.nxp.mcuxpresso.tools.win32_11.4.0.202103011116/tools/bin/../lib/gcc/arm-none-eabi/10.2.1/../../../../arm-none-eabi/lib/thumb/v8-m.main+fp/hard\libc.a(lib_a-freer.o)
                0x0000bd64                _malloc_trim_r
 .text._free_r  0x0000be04      0x20c c:/nxp/mcuxpressoide_11.4.0_6224/ide/plugins/com.nxp.mcuxpresso.tools.win32_11.4.0.202103011116/tools/bin/../lib/gcc/arm-none-eabi/10.2.1/../../../../arm-none-eabi/lib/thumb/v8-m.main+fp/hard\libc.a(lib_a-freer.o)
                0x0000be04                _free_r
 .text.__sfvwrite_r
                0x0000c010      0x2f4 c:/nxp/mcuxpressoide_11.4.0_6224/ide/plugins/com.nxp.mcuxpresso.tools.win32_11.4.0.202103011116/tools/bin/../lib/gcc/arm-none-eabi/10.2.1/../../../../arm-none-eabi/lib/thumb/v8-m.main+fp/hard\libc.a(lib_a-fvwrite.o)
                0x0000c010                __sfvwrite_r
 .text._fwalk_reent
                0x0000c304       0x44 c:/nxp/mcuxpressoide_11.4.0_6224/ide/plugins/com.nxp.mcuxpresso.tools.win32_11.4.0.202103011116/tools/bin/../lib/gcc/arm-none-eabi/10.2.1/../../../../arm-none-eabi/lib/thumb/v8-m.main+fp/hard\libc.a(lib_a-fwalk.o)
                0x0000c304                _fwalk_reent
 .text.__locale_mb_cur_max
                0x0000c348        0xc c:/nxp/mcuxpressoide_11.4.0_6224/ide/plugins/com.nxp.mcuxpresso.tools.win32_11.4.0.202103011116/tools/bin/../lib/gcc/arm-none-eabi/10.2.1/../../../../arm-none-eabi/lib/thumb/v8-m.main+fp/hard\libc.a(lib_a-locale.o)
                0x0000c348                __locale_mb_cur_max
 .text._localeconv_r
                0x0000c354        0x8 c:/nxp/mcuxpressoide_11.4.0_6224/ide/plugins/com.nxp.mcuxpresso.tools.win32_11.4.0.202103011116/tools/bin/../lib/gcc/arm-none-eabi/10.2.1/../../../../arm-none-eabi/lib/thumb/v8-m.main+fp/hard\libc.a(lib_a-localeconv.o)
                0x0000c354                _localeconv_r
 .text.__retarget_lock_init_recursive
                0x0000c35c        0x4 c:/nxp/mcuxpressoide_11.4.0_6224/ide/plugins/com.nxp.mcuxpresso.tools.win32_11.4.0.202103011116/tools/bin/../lib/gcc/arm-none-eabi/10.2.1/../../../../arm-none-eabi/lib/thumb/v8-m.main+fp/hard\libc.a(lib_a-lock.o)
                0x0000c35c                __retarget_lock_init_recursive
 .text.__retarget_lock_close_recursive
                0x0000c360        0x4 c:/nxp/mcuxpressoide_11.4.0_6224/ide/plugins/com.nxp.mcuxpresso.tools.win32_11.4.0.202103011116/tools/bin/../lib/gcc/arm-none-eabi/10.2.1/../../../../arm-none-eabi/lib/thumb/v8-m.main+fp/hard\libc.a(lib_a-lock.o)
                0x0000c360                __retarget_lock_close_recursive
 .text.__retarget_lock_acquire_recursive
                0x0000c364        0x4 c:/nxp/mcuxpressoide_11.4.0_6224/ide/plugins/com.nxp.mcuxpresso.tools.win32_11.4.0.202103011116/tools/bin/../lib/gcc/arm-none-eabi/10.2.1/../../../../arm-none-eabi/lib/thumb/v8-m.main+fp/hard\libc.a(lib_a-lock.o)
                0x0000c364                __retarget_lock_acquire_recursive
 .text.__retarget_lock_release_recursive
                0x0000c368        0x4 c:/nxp/mcuxpressoide_11.4.0_6224/ide/plugins/com.nxp.mcuxpresso.tools.win32_11.4.0.202103011116/tools/bin/../lib/gcc/arm-none-eabi/10.2.1/../../../../arm-none-eabi/lib/thumb/v8-m.main+fp/hard\libc.a(lib_a-lock.o)
                0x0000c368                __retarget_lock_release_recursive
 .text.__smakebuf_r
                0x0000c36c       0xe0 c:/nxp/mcuxpressoide_11.4.0_6224/ide/plugins/com.nxp.mcuxpresso.tools.win32_11.4.0.202103011116/tools/bin/../lib/gcc/arm-none-eabi/10.2.1/../../../../arm-none-eabi/lib/thumb/v8-m.main+fp/hard\libc.a(lib_a-makebuf.o)
                0x0000c36c                __smakebuf_r
 .text.__ascii_mbtowc
                0x0000c44c       0x2c c:/nxp/mcuxpressoide_11.4.0_6224/ide/plugins/com.nxp.mcuxpresso.tools.win32_11.4.0.202103011116/tools/bin/../lib/gcc/arm-none-eabi/10.2.1/../../../../arm-none-eabi/lib/thumb/v8-m.main+fp/hard\libc.a(lib_a-mbtowc_r.o)
                0x0000c44c                __ascii_mbtowc
 .text.memchr   0x0000c478       0x80 c:/nxp/mcuxpressoide_11.4.0_6224/ide/plugins/com.nxp.mcuxpresso.tools.win32_11.4.0.202103011116/tools/bin/../lib/gcc/arm-none-eabi/10.2.1/../../../../arm-none-eabi/lib/thumb/v8-m.main+fp/hard\libc.a(lib_a-memchr-stub.o)
                0x0000c478                memchr
 .text.memmove  0x0000c4f8       0xf8 c:/nxp/mcuxpressoide_11.4.0_6224/ide/plugins/com.nxp.mcuxpresso.tools.win32_11.4.0.202103011116/tools/bin/../lib/gcc/arm-none-eabi/10.2.1/../../../../arm-none-eabi/lib/thumb/v8-m.main+fp/hard\libc.a(lib_a-memmove.o)
                0x0000c4f8                memmove
 .text._Balloc  0x0000c5f0       0x4c c:/nxp/mcuxpressoide_11.4.0_6224/ide/plugins/com.nxp.mcuxpresso.tools.win32_11.4.0.202103011116/tools/bin/../lib/gcc/arm-none-eabi/10.2.1/../../../../arm-none-eabi/lib/thumb/v8-m.main+fp/hard\libc.a(lib_a-mprec.o)
                0x0000c5f0                _Balloc
 .text._Bfree   0x0000c63c       0x14 c:/nxp/mcuxpressoide_11.4.0_6224/ide/plugins/com.nxp.mcuxpresso.tools.win32_11.4.0.202103011116/tools/bin/../lib/gcc/arm-none-eabi/10.2.1/../../../../arm-none-eabi/lib/thumb/v8-m.main+fp/hard\libc.a(lib_a-mprec.o)
                0x0000c63c                _Bfree
 .text.__multadd
                0x0000c650       0xa8 c:/nxp/mcuxpressoide_11.4.0_6224/ide/plugins/com.nxp.mcuxpresso.tools.win32_11.4.0.202103011116/tools/bin/../lib/gcc/arm-none-eabi/10.2.1/../../../../arm-none-eabi/lib/thumb/v8-m.main+fp/hard\libc.a(lib_a-mprec.o)
                0x0000c650                __multadd
 .text.__hi0bits
                0x0000c6f8       0x44 c:/nxp/mcuxpressoide_11.4.0_6224/ide/plugins/com.nxp.mcuxpresso.tools.win32_11.4.0.202103011116/tools/bin/../lib/gcc/arm-none-eabi/10.2.1/../../../../arm-none-eabi/lib/thumb/v8-m.main+fp/hard\libc.a(lib_a-mprec.o)
                0x0000c6f8                __hi0bits
 .text.__lo0bits
                0x0000c73c       0x60 c:/nxp/mcuxpressoide_11.4.0_6224/ide/plugins/com.nxp.mcuxpresso.tools.win32_11.4.0.202103011116/tools/bin/../lib/gcc/arm-none-eabi/10.2.1/../../../../arm-none-eabi/lib/thumb/v8-m.main+fp/hard\libc.a(lib_a-mprec.o)
                0x0000c73c                __lo0bits
 .text.__i2b    0x0000c79c       0x5c c:/nxp/mcuxpressoide_11.4.0_6224/ide/plugins/com.nxp.mcuxpresso.tools.win32_11.4.0.202103011116/tools/bin/../lib/gcc/arm-none-eabi/10.2.1/../../../../arm-none-eabi/lib/thumb/v8-m.main+fp/hard\libc.a(lib_a-mprec.o)
                0x0000c79c                __i2b
 .text.__multiply
                0x0000c7f8      0x15c c:/nxp/mcuxpressoide_11.4.0_6224/ide/plugins/com.nxp.mcuxpresso.tools.win32_11.4.0.202103011116/tools/bin/../lib/gcc/arm-none-eabi/10.2.1/../../../../arm-none-eabi/lib/thumb/v8-m.main+fp/hard\libc.a(lib_a-mprec.o)
                0x0000c7f8                __multiply
 .text.__pow5mult
                0x0000c954       0xc0 c:/nxp/mcuxpressoide_11.4.0_6224/ide/plugins/com.nxp.mcuxpresso.tools.win32_11.4.0.202103011116/tools/bin/../lib/gcc/arm-none-eabi/10.2.1/../../../../arm-none-eabi/lib/thumb/v8-m.main+fp/hard\libc.a(lib_a-mprec.o)
                0x0000c954                __pow5mult
 .text.__lshift
                0x0000ca14       0xe8 c:/nxp/mcuxpressoide_11.4.0_6224/ide/plugins/com.nxp.mcuxpresso.tools.win32_11.4.0.202103011116/tools/bin/../lib/gcc/arm-none-eabi/10.2.1/../../../../arm-none-eabi/lib/thumb/v8-m.main+fp/hard\libc.a(lib_a-mprec.o)
                0x0000ca14                __lshift
 .text.__mcmp   0x0000cafc       0x44 c:/nxp/mcuxpressoide_11.4.0_6224/ide/plugins/com.nxp.mcuxpresso.tools.win32_11.4.0.202103011116/tools/bin/../lib/gcc/arm-none-eabi/10.2.1/../../../../arm-none-eabi/lib/thumb/v8-m.main+fp/hard\libc.a(lib_a-mprec.o)
                0x0000cafc                __mcmp
 .text.__mdiff  0x0000cb40      0x148 c:/nxp/mcuxpressoide_11.4.0_6224/ide/plugins/com.nxp.mcuxpresso.tools.win32_11.4.0.202103011116/tools/bin/../lib/gcc/arm-none-eabi/10.2.1/../../../../arm-none-eabi/lib/thumb/v8-m.main+fp/hard\libc.a(lib_a-mprec.o)
                0x0000cb40                __mdiff
 .text.__d2b    0x0000cc88       0xd0 c:/nxp/mcuxpressoide_11.4.0_6224/ide/plugins/com.nxp.mcuxpresso.tools.win32_11.4.0.202103011116/tools/bin/../lib/gcc/arm-none-eabi/10.2.1/../../../../arm-none-eabi/lib/thumb/v8-m.main+fp/hard\libc.a(lib_a-mprec.o)
                0x0000cc88                __d2b
 .text._realloc_r
                0x0000cd58      0x3e8 c:/nxp/mcuxpressoide_11.4.0_6224/ide/plugins/com.nxp.mcuxpresso.tools.win32_11.4.0.202103011116/tools/bin/../lib/gcc/arm-none-eabi/10.2.1/../../../../arm-none-eabi/lib/thumb/v8-m.main+fp/hard\libc.a(lib_a-reallocr.o)
                0x0000cd58                _realloc_r
 .text.frexp    0x0000d140       0x70 c:/nxp/mcuxpressoide_11.4.0_6224/ide/plugins/com.nxp.mcuxpresso.tools.win32_11.4.0.202103011116/tools/bin/../lib/gcc/arm-none-eabi/10.2.1/../../../../arm-none-eabi/lib/thumb/v8-m.main+fp/hard\libc.a(lib_a-s_frexp.o)
                0x0000d140                frexp
 .text.raise    0x0000d1b0       0x5c c:/nxp/mcuxpressoide_11.4.0_6224/ide/plugins/com.nxp.mcuxpresso.tools.win32_11.4.0.202103011116/tools/bin/../lib/gcc/arm-none-eabi/10.2.1/../../../../arm-none-eabi/lib/thumb/v8-m.main+fp/hard\libc.a(lib_a-signal.o)
                0x0000d1b0                raise
 .text._kill_r  0x0000d20c       0x2c c:/nxp/mcuxpressoide_11.4.0_6224/ide/plugins/com.nxp.mcuxpresso.tools.win32_11.4.0.202103011116/tools/bin/../lib/gcc/arm-none-eabi/10.2.1/../../../../arm-none-eabi/lib/thumb/v8-m.main+fp/hard\libc.a(lib_a-signalr.o)
                0x0000d20c                _kill_r
 .text._getpid_r
                0x0000d238        0x4 c:/nxp/mcuxpressoide_11.4.0_6224/ide/plugins/com.nxp.mcuxpresso.tools.win32_11.4.0.202103011116/tools/bin/../lib/gcc/arm-none-eabi/10.2.1/../../../../arm-none-eabi/lib/thumb/v8-m.main+fp/hard\libc.a(lib_a-signalr.o)
                0x0000d238                _getpid_r
 .text.__sread  0x0000d23c       0x24 c:/nxp/mcuxpressoide_11.4.0_6224/ide/plugins/com.nxp.mcuxpresso.tools.win32_11.4.0.202103011116/tools/bin/../lib/gcc/arm-none-eabi/10.2.1/../../../../arm-none-eabi/lib/thumb/v8-m.main+fp/hard\libc.a(lib_a-stdio.o)
                0x0000d23c                __sread
 .text.__swrite
                0x0000d260       0x40 c:/nxp/mcuxpressoide_11.4.0_6224/ide/plugins/com.nxp.mcuxpresso.tools.win32_11.4.0.202103011116/tools/bin/../lib/gcc/arm-none-eabi/10.2.1/../../../../arm-none-eabi/lib/thumb/v8-m.main+fp/hard\libc.a(lib_a-stdio.o)
                0x0000d260                __swrite
 .text.__sseek  0x0000d2a0       0x24 c:/nxp/mcuxpressoide_11.4.0_6224/ide/plugins/com.nxp.mcuxpresso.tools.win32_11.4.0.202103011116/tools/bin/../lib/gcc/arm-none-eabi/10.2.1/../../../../arm-none-eabi/lib/thumb/v8-m.main+fp/hard\libc.a(lib_a-stdio.o)
                0x0000d2a0                __sseek
 .text.__sclose
                0x0000d2c4        0x8 c:/nxp/mcuxpressoide_11.4.0_6224/ide/plugins/com.nxp.mcuxpresso.tools.win32_11.4.0.202103011116/tools/bin/../lib/gcc/arm-none-eabi/10.2.1/../../../../arm-none-eabi/lib/thumb/v8-m.main+fp/hard\libc.a(lib_a-stdio.o)
                0x0000d2c4                __sclose
 .text.strncpy  0x0000d2cc       0x64 c:/nxp/mcuxpressoide_11.4.0_6224/ide/plugins/com.nxp.mcuxpresso.tools.win32_11.4.0.202103011116/tools/bin/../lib/gcc/arm-none-eabi/10.2.1/../../../../arm-none-eabi/lib/thumb/v8-m.main+fp/hard\libc.a(lib_a-strncpy.o)
                0x0000d2cc                strncpy
 .text.__swbuf_r
                0x0000d330       0xb0 c:/nxp/mcuxpressoide_11.4.0_6224/ide/plugins/com.nxp.mcuxpresso.tools.win32_11.4.0.202103011116/tools/bin/../lib/gcc/arm-none-eabi/10.2.1/../../../../arm-none-eabi/lib/thumb/v8-m.main+fp/hard\libc.a(lib_a-wbuf.o)
                0x0000d330                __swbuf_r
 .text._wcrtomb_r
                0x0000d3e0       0x3c c:/nxp/mcuxpressoide_11.4.0_6224/ide/plugins/com.nxp.mcuxpresso.tools.win32_11.4.0.202103011116/tools/bin/../lib/gcc/arm-none-eabi/10.2.1/../../../../arm-none-eabi/lib/thumb/v8-m.main+fp/hard\libc.a(lib_a-wcrtomb.o)
                0x0000d3e0                _wcrtomb_r
 .text.__ascii_wctomb
                0x0000d41c       0x1c c:/nxp/mcuxpressoide_11.4.0_6224/ide/plugins/com.nxp.mcuxpresso.tools.win32_11.4.0.202103011116/tools/bin/../lib/gcc/arm-none-eabi/10.2.1/../../../../arm-none-eabi/lib/thumb/v8-m.main+fp/hard\libc.a(lib_a-wctomb_r.o)
                0x0000d41c                __ascii_wctomb
 .text._write_r
                0x0000d438       0x2c c:/nxp/mcuxpressoide_11.4.0_6224/ide/plugins/com.nxp.mcuxpresso.tools.win32_11.4.0.202103011116/tools/bin/../lib/gcc/arm-none-eabi/10.2.1/../../../../arm-none-eabi/lib/thumb/v8-m.main+fp/hard\libc.a(lib_a-writer.o)
                0x0000d438                _write_r
 .text._calloc_r
                0x0000d464       0x60 c:/nxp/mcuxpressoide_11.4.0_6224/ide/plugins/com.nxp.mcuxpresso.tools.win32_11.4.0.202103011116/tools/bin/../lib/gcc/arm-none-eabi/10.2.1/../../../../arm-none-eabi/lib/thumb/v8-m.main+fp/hard\libc.a(lib_a-callocr.o)
                0x0000d464                _calloc_r
 .text._close_r
                0x0000d4c4       0x24 c:/nxp/mcuxpressoide_11.4.0_6224/ide/plugins/com.nxp.mcuxpresso.tools.win32_11.4.0.202103011116/tools/bin/../lib/gcc/arm-none-eabi/10.2.1/../../../../arm-none-eabi/lib/thumb/v8-m.main+fp/hard\libc.a(lib_a-closer.o)
                0x0000d4c4                _close_r
 .text._fclose_r
                0x0000d4e8       0xcc c:/nxp/mcuxpressoide_11.4.0_6224/ide/plugins/com.nxp.mcuxpresso.tools.win32_11.4.0.202103011116/tools/bin/../lib/gcc/arm-none-eabi/10.2.1/../../../../arm-none-eabi/lib/thumb/v8-m.main+fp/hard\libc.a(lib_a-fclose.o)
                0x0000d4e8                _fclose_r
 .text._fstat_r
                0x0000d5b4       0x2c c:/nxp/mcuxpressoide_11.4.0_6224/ide/plugins/com.nxp.mcuxpresso.tools.win32_11.4.0.202103011116/tools/bin/../lib/gcc/arm-none-eabi/10.2.1/../../../../arm-none-eabi/lib/thumb/v8-m.main+fp/hard\libc.a(lib_a-fstatr.o)
                0x0000d5b4                _fstat_r
 .text._isatty_r
                0x0000d5e0       0x24 c:/nxp/mcuxpressoide_11.4.0_6224/ide/plugins/com.nxp.mcuxpresso.tools.win32_11.4.0.202103011116/tools/bin/../lib/gcc/arm-none-eabi/10.2.1/../../../../arm-none-eabi/lib/thumb/v8-m.main+fp/hard\libc.a(lib_a-isattyr.o)
                0x0000d5e0                _isatty_r
 .text._lseek_r
                0x0000d604       0x2c c:/nxp/mcuxpressoide_11.4.0_6224/ide/plugins/com.nxp.mcuxpresso.tools.win32_11.4.0.202103011116/tools/bin/../lib/gcc/arm-none-eabi/10.2.1/../../../../arm-none-eabi/lib/thumb/v8-m.main+fp/hard\libc.a(lib_a-lseekr.o)
                0x0000d604                _lseek_r
 .text._read_r  0x0000d630       0x2c c:/nxp/mcuxpressoide_11.4.0_6224/ide/plugins/com.nxp.mcuxpresso.tools.win32_11.4.0.202103011116/tools/bin/../lib/gcc/arm-none-eabi/10.2.1/../../../../arm-none-eabi/lib/thumb/v8-m.main+fp/hard\libc.a(lib_a-readr.o)
                0x0000d630                _read_r
 .text.cosf     0x0000d65c       0x88 c:/nxp/mcuxpressoide_11.4.0_6224/ide/plugins/com.nxp.mcuxpresso.tools.win32_11.4.0.202103011116/tools/bin/../lib/gcc/arm-none-eabi/10.2.1/../../../../arm-none-eabi/lib/thumb/v8-m.main+fp/hard\libm.a(lib_a-sf_cos.o)
                0x0000d65c                cosf
 .text.sinf     0x0000d6e4       0x8c c:/nxp/mcuxpressoide_11.4.0_6224/ide/plugins/com.nxp.mcuxpresso.tools.win32_11.4.0.202103011116/tools/bin/../lib/gcc/arm-none-eabi/10.2.1/../../../../arm-none-eabi/lib/thumb/v8-m.main+fp/hard\libm.a(lib_a-sf_sin.o)
                0x0000d6e4                sinf
 .text.__ieee754_rem_pio2f
                0x0000d770      0x26c c:/nxp/mcuxpressoide_11.4.0_6224/ide/plugins/com.nxp.mcuxpresso.tools.win32_11.4.0.202103011116/tools/bin/../lib/gcc/arm-none-eabi/10.2.1/../../../../arm-none-eabi/lib/thumb/v8-m.main+fp/hard\libm.a(lib_a-ef_rem_pio2.o)
                0x0000d770                __ieee754_rem_pio2f
 .text.__kernel_cosf
                0x0000d9dc      0x104 c:/nxp/mcuxpressoide_11.4.0_6224/ide/plugins/com.nxp.mcuxpresso.tools.win32_11.4.0.202103011116/tools/bin/../lib/gcc/arm-none-eabi/10.2.1/../../../../arm-none-eabi/lib/thumb/v8-m.main+fp/hard\libm.a(lib_a-kf_cos.o)
                0x0000d9dc                __kernel_cosf
 .text.__kernel_rem_pio2f
                0x0000dae0      0x67c c:/nxp/mcuxpressoide_11.4.0_6224/ide/plugins/com.nxp.mcuxpresso.tools.win32_11.4.0.202103011116/tools/bin/../lib/gcc/arm-none-eabi/10.2.1/../../../../arm-none-eabi/lib/thumb/v8-m.main+fp/hard\libm.a(lib_a-kf_rem_pio2.o)
                0x0000dae0                __kernel_rem_pio2f
 .text.__kernel_sinf
                0x0000e15c       0x90 c:/nxp/mcuxpressoide_11.4.0_6224/ide/plugins/com.nxp.mcuxpresso.tools.win32_11.4.0.202103011116/tools/bin/../lib/gcc/arm-none-eabi/10.2.1/../../../../arm-none-eabi/lib/thumb/v8-m.main+fp/hard\libm.a(lib_a-kf_sin.o)
                0x0000e15c                __kernel_sinf
 .text.fabsf    0x0000e1ec       0x10 c:/nxp/mcuxpressoide_11.4.0_6224/ide/plugins/com.nxp.mcuxpresso.tools.win32_11.4.0.202103011116/tools/bin/../lib/gcc/arm-none-eabi/10.2.1/../../../../arm-none-eabi/lib/thumb/v8-m.main+fp/hard\libm.a(lib_a-sf_fabs.o)
                0x0000e1ec                fabsf
 .text.floorf   0x0000e1fc        0x8 c:/nxp/mcuxpressoide_11.4.0_6224/ide/plugins/com.nxp.mcuxpresso.tools.win32_11.4.0.202103011116/tools/bin/../lib/gcc/arm-none-eabi/10.2.1/../../../../arm-none-eabi/lib/thumb/v8-m.main+fp/hard\libm.a(lib_a-sf_floor.o)
                0x0000e1fc                floorf
 .text.scalbnf  0x0000e204       0xe0 c:/nxp/mcuxpressoide_11.4.0_6224/ide/plugins/com.nxp.mcuxpresso.tools.win32_11.4.0.202103011116/tools/bin/../lib/gcc/arm-none-eabi/10.2.1/../../../../arm-none-eabi/lib/thumb/v8-m.main+fp/hard\libm.a(lib_a-sf_scalbn.o)
                0x0000e204                scalbnf
 .text._sbrk    0x0000e2e4       0x3c c:/nxp/mcuxpressoide_11.4.0_6224/ide/plugins/com.nxp.mcuxpresso.tools.win32_11.4.0.202103011116/tools/bin/../lib/gcc/arm-none-eabi/10.2.1/../../../../arm-none-eabi/lib/thumb/v8-m.main+fp/hard\libcr_newlib_semihost.a(_cr_sbrk.o)
                0x0000e2e4                _sbrk
 .text._kill    0x0000e320       0x20 c:/nxp/mcuxpressoide_11.4.0_6224/ide/plugins/com.nxp.mcuxpresso.tools.win32_11.4.0.202103011116/tools/bin/../lib/gcc/arm-none-eabi/10.2.1/../../../../arm-none-eabi/lib/thumb/v8-m.main+fp/hard\libcr_newlib_semihost.a(_kill.o)
                0x0000e320                _kill
 .text.initialise_monitor_handles.part.0
                0x0000e340       0xa4 c:/nxp/mcuxpressoide_11.4.0_6224/ide/plugins/com.nxp.mcuxpresso.tools.win32_11.4.0.202103011116/tools/bin/../lib/gcc/arm-none-eabi/10.2.1/../../../../arm-none-eabi/lib/thumb/v8-m.main+fp/hard\libcr_newlib_semihost.a(syscalls.o)
 .text.findslot
                0x0000e3e4       0x30 c:/nxp/mcuxpressoide_11.4.0_6224/ide/plugins/com.nxp.mcuxpresso.tools.win32_11.4.0.202103011116/tools/bin/../lib/gcc/arm-none-eabi/10.2.1/../../../../arm-none-eabi/lib/thumb/v8-m.main+fp/hard\libcr_newlib_semihost.a(syscalls.o)
 .text._close   0x0000e414       0x4c c:/nxp/mcuxpressoide_11.4.0_6224/ide/plugins/com.nxp.mcuxpresso.tools.win32_11.4.0.202103011116/tools/bin/../lib/gcc/arm-none-eabi/10.2.1/../../../../arm-none-eabi/lib/thumb/v8-m.main+fp/hard\libcr_newlib_semihost.a(syscalls.o)
                0x0000e414                _close
 .text.__check_heap_overflow
                0x0000e460       0x18 c:/nxp/mcuxpressoide_11.4.0_6224/ide/plugins/com.nxp.mcuxpresso.tools.win32_11.4.0.202103011116/tools/bin/../lib/gcc/arm-none-eabi/10.2.1/../../../../arm-none-eabi/lib/thumb/v8-m.main+fp/hard\libcr_newlib_semihost.a(_cr_check_heap.o)
                0x0000e460                __check_heap_overflow
 .text          0x0000e478      0x110 c:/nxp/mcuxpressoide_11.4.0_6224/ide/plugins/com.nxp.mcuxpresso.tools.win32_11.4.0.202103011116/tools/bin/../lib/gcc/arm-none-eabi/10.2.1/thumb/v8-m.main+fp/hard\libgcc.a(_arm_cmpdf2.o)
                0x0000e478                __gtdf2
                0x0000e478                __gedf2
                0x0000e480                __ltdf2
                0x0000e480                __ledf2
                0x0000e488                __nedf2
                0x0000e488                __eqdf2
                0x0000e488                __cmpdf2
                0x0000e504                __aeabi_cdrcmple
                0x0000e514                __aeabi_cdcmpeq
                0x0000e514                __aeabi_cdcmple
                0x0000e524                __aeabi_dcmpeq
                0x0000e538                __aeabi_dcmplt
                0x0000e54c                __aeabi_dcmple
                0x0000e560                __aeabi_dcmpge
                0x0000e574                __aeabi_dcmpgt
 .text          0x0000e588       0x2c c:/nxp/mcuxpressoide_11.4.0_6224/ide/plugins/com.nxp.mcuxpresso.tools.win32_11.4.0.202103011116/tools/bin/../lib/gcc/arm-none-eabi/10.2.1/thumb/v8-m.main+fp/hard\libgcc.a(_arm_unorddf2.o)
                0x0000e588                __unorddf2
                0x0000e588                __aeabi_dcmpun
 .text          0x0000e5b4       0x50 c:/nxp/mcuxpressoide_11.4.0_6224/ide/plugins/com.nxp.mcuxpresso.tools.win32_11.4.0.202103011116/tools/bin/../lib/gcc/arm-none-eabi/10.2.1/thumb/v8-m.main+fp/hard\libgcc.a(_arm_fixdfsi.o)
                0x0000e5b4                __aeabi_d2iz
                0x0000e5b4                __fixdfsi
 .text.WDT_BOD_IRQHandler
                0x0000e604        0x8 ./startup/startup_lpc55s69_cm33_core0.o
                0x0000e604                WDT_BOD_IRQHandler
 .text.DMA0_IRQHandler
                0x0000e60c        0x8 ./startup/startup_lpc55s69_cm33_core0.o
                0x0000e60c                DMA0_IRQHandler
 .text.GINT0_IRQHandler
                0x0000e614        0x8 ./startup/startup_lpc55s69_cm33_core0.o
                0x0000e614                GINT0_IRQHandler
 .text.GINT1_IRQHandler
                0x0000e61c        0x8 ./startup/startup_lpc55s69_cm33_core0.o
                0x0000e61c                GINT1_IRQHandler
 .text.PIN_INT0_IRQHandler
                0x0000e624        0x8 ./startup/startup_lpc55s69_cm33_core0.o
                0x0000e624                PIN_INT0_IRQHandler
 .text.PIN_INT1_IRQHandler
                0x0000e62c        0x8 ./startup/startup_lpc55s69_cm33_core0.o
                0x0000e62c                PIN_INT1_IRQHandler
 .text.PIN_INT2_IRQHandler
                0x0000e634        0x8 ./startup/startup_lpc55s69_cm33_core0.o
                0x0000e634                PIN_INT2_IRQHandler
 .text.PIN_INT3_IRQHandler
                0x0000e63c        0x8 ./startup/startup_lpc55s69_cm33_core0.o
                0x0000e63c                PIN_INT3_IRQHandler
 .text.UTICK0_IRQHandler
                0x0000e644        0x8 ./startup/startup_lpc55s69_cm33_core0.o
                0x0000e644                UTICK0_IRQHandler
 .text.MRT0_IRQHandler
                0x0000e64c        0x8 ./startup/startup_lpc55s69_cm33_core0.o
                0x0000e64c                MRT0_IRQHandler
 .text.CTIMER0_IRQHandler
                0x0000e654        0x8 ./startup/startup_lpc55s69_cm33_core0.o
                0x0000e654                CTIMER0_IRQHandler
 .text.CTIMER1_IRQHandler
                0x0000e65c        0x8 ./startup/startup_lpc55s69_cm33_core0.o
                0x0000e65c                CTIMER1_IRQHandler
 .text.SCT0_IRQHandler
                0x0000e664        0x8 ./startup/startup_lpc55s69_cm33_core0.o
                0x0000e664                SCT0_IRQHandler
 .text.CTIMER3_IRQHandler
                0x0000e66c        0x8 ./startup/startup_lpc55s69_cm33_core0.o
                0x0000e66c                CTIMER3_IRQHandler
 .text.FLEXCOMM0_IRQHandler
                0x0000e674        0x8 ./startup/startup_lpc55s69_cm33_core0.o
                0x0000e674                FLEXCOMM0_IRQHandler
 .text.FLEXCOMM1_IRQHandler
                0x0000e67c        0x8 ./startup/startup_lpc55s69_cm33_core0.o
                0x0000e67c                FLEXCOMM1_IRQHandler
 .text.FLEXCOMM2_IRQHandler
                0x0000e684        0x8 ./startup/startup_lpc55s69_cm33_core0.o
                0x0000e684                FLEXCOMM2_IRQHandler
 .text.FLEXCOMM3_IRQHandler
                0x0000e68c        0x8 ./startup/startup_lpc55s69_cm33_core0.o
                0x0000e68c                FLEXCOMM3_IRQHandler
 .text.FLEXCOMM4_IRQHandler
                0x0000e694        0x8 ./startup/startup_lpc55s69_cm33_core0.o
                0x0000e694                FLEXCOMM4_IRQHandler
 .text.FLEXCOMM5_IRQHandler
                0x0000e69c        0x8 ./startup/startup_lpc55s69_cm33_core0.o
                0x0000e69c                FLEXCOMM5_IRQHandler
 .text.FLEXCOMM6_IRQHandler
                0x0000e6a4        0x8 ./startup/startup_lpc55s69_cm33_core0.o
                0x0000e6a4                FLEXCOMM6_IRQHandler
 .text.FLEXCOMM7_IRQHandler
                0x0000e6ac        0x8 ./startup/startup_lpc55s69_cm33_core0.o
                0x0000e6ac                FLEXCOMM7_IRQHandler
 .text.ADC0_IRQHandler
                0x0000e6b4        0x8 ./startup/startup_lpc55s69_cm33_core0.o
                0x0000e6b4                ADC0_IRQHandler
 .text.Reserved39_IRQHandler
                0x0000e6bc        0x8 ./startup/startup_lpc55s69_cm33_core0.o
                0x0000e6bc                Reserved39_IRQHandler
 .text.ACMP_IRQHandler
                0x0000e6c4        0x8 ./startup/startup_lpc55s69_cm33_core0.o
                0x0000e6c4                ACMP_IRQHandler
 .text.Reserved41_IRQHandler
                0x0000e6cc        0x8 ./startup/startup_lpc55s69_cm33_core0.o
                0x0000e6cc                Reserved41_IRQHandler
 .text.Reserved42_IRQHandler
                0x0000e6d4        0x8 ./startup/startup_lpc55s69_cm33_core0.o
                0x0000e6d4                Reserved42_IRQHandler
 .text.USB0_NEEDCLK_IRQHandler
                0x0000e6dc        0x8 ./startup/startup_lpc55s69_cm33_core0.o
                0x0000e6dc                USB0_NEEDCLK_IRQHandler
 .text.USB0_IRQHandler
                0x0000e6e4        0x8 ./startup/startup_lpc55s69_cm33_core0.o
                0x0000e6e4                USB0_IRQHandler
 .text.RTC_IRQHandler
                0x0000e6ec        0x8 ./startup/startup_lpc55s69_cm33_core0.o
                0x0000e6ec                RTC_IRQHandler
 .text.Reserved46_IRQHandler
                0x0000e6f4        0x8 ./startup/startup_lpc55s69_cm33_core0.o
                0x0000e6f4                Reserved46_IRQHandler
 .text.MAILBOX_IRQHandler
                0x0000e6fc        0x8 ./startup/startup_lpc55s69_cm33_core0.o
                0x0000e6fc                MAILBOX_IRQHandler
 .text.PIN_INT4_IRQHandler
                0x0000e704        0x8 ./startup/startup_lpc55s69_cm33_core0.o
                0x0000e704                PIN_INT4_IRQHandler
 .text.PIN_INT5_IRQHandler
                0x0000e70c        0x8 ./startup/startup_lpc55s69_cm33_core0.o
                0x0000e70c                PIN_INT5_IRQHandler
 .text.PIN_INT6_IRQHandler
                0x0000e714        0x8 ./startup/startup_lpc55s69_cm33_core0.o
                0x0000e714                PIN_INT6_IRQHandler
 .text.PIN_INT7_IRQHandler
                0x0000e71c        0x8 ./startup/startup_lpc55s69_cm33_core0.o
                0x0000e71c                PIN_INT7_IRQHandler
 .text.CTIMER2_IRQHandler
                0x0000e724        0x8 ./startup/startup_lpc55s69_cm33_core0.o
                0x0000e724                CTIMER2_IRQHandler
 .text.CTIMER4_IRQHandler
                0x0000e72c        0x8 ./startup/startup_lpc55s69_cm33_core0.o
                0x0000e72c                CTIMER4_IRQHandler
 .text.OS_EVENT_IRQHandler
                0x0000e734        0x8 ./startup/startup_lpc55s69_cm33_core0.o
                0x0000e734                OS_EVENT_IRQHandler
 .text.Reserved55_IRQHandler
                0x0000e73c        0x8 ./startup/startup_lpc55s69_cm33_core0.o
                0x0000e73c                Reserved55_IRQHandler
 .text.Reserved56_IRQHandler
                0x0000e744        0x8 ./startup/startup_lpc55s69_cm33_core0.o
                0x0000e744                Reserved56_IRQHandler
 .text.Reserved57_IRQHandler
                0x0000e74c        0x8 ./startup/startup_lpc55s69_cm33_core0.o
                0x0000e74c                Reserved57_IRQHandler
 .text.SDIO_IRQHandler
                0x0000e754        0x8 ./startup/startup_lpc55s69_cm33_core0.o
                0x0000e754                SDIO_IRQHandler
 .text.Reserved59_IRQHandler
                0x0000e75c        0x8 ./startup/startup_lpc55s69_cm33_core0.o
                0x0000e75c                Reserved59_IRQHandler
 .text.Reserved60_IRQHandler
                0x0000e764        0x8 ./startup/startup_lpc55s69_cm33_core0.o
                0x0000e764                Reserved60_IRQHandler
 .text.Reserved61_IRQHandler
                0x0000e76c        0x8 ./startup/startup_lpc55s69_cm33_core0.o
                0x0000e76c                Reserved61_IRQHandler
 .text.USB1_PHY_IRQHandler
                0x0000e774        0x8 ./startup/startup_lpc55s69_cm33_core0.o
                0x0000e774                USB1_PHY_IRQHandler
 .text.USB1_IRQHandler
                0x0000e77c        0x8 ./startup/startup_lpc55s69_cm33_core0.o
                0x0000e77c                USB1_IRQHandler
 .text.USB1_NEEDCLK_IRQHandler
                0x0000e784        0x8 ./startup/startup_lpc55s69_cm33_core0.o
                0x0000e784                USB1_NEEDCLK_IRQHandler
 .text.SEC_HYPERVISOR_CALL_IRQHandler
                0x0000e78c        0x8 ./startup/startup_lpc55s69_cm33_core0.o
                0x0000e78c                SEC_HYPERVISOR_CALL_IRQHandler
 .text.SEC_GPIO_INT0_IRQ0_IRQHandler
                0x0000e794        0x8 ./startup/startup_lpc55s69_cm33_core0.o
                0x0000e794                SEC_GPIO_INT0_IRQ0_IRQHandler
 .text.SEC_GPIO_INT0_IRQ1_IRQHandler
                0x0000e79c        0x8 ./startup/startup_lpc55s69_cm33_core0.o
                0x0000e79c                SEC_GPIO_INT0_IRQ1_IRQHandler
 .text.PLU_IRQHandler
                0x0000e7a4        0x8 ./startup/startup_lpc55s69_cm33_core0.o
                0x0000e7a4                PLU_IRQHandler
 .text.SEC_VIO_IRQHandler
                0x0000e7ac        0x8 ./startup/startup_lpc55s69_cm33_core0.o
                0x0000e7ac                SEC_VIO_IRQHandler
 .text.HASHCRYPT_IRQHandler
                0x0000e7b4        0x8 ./startup/startup_lpc55s69_cm33_core0.o
                0x0000e7b4                HASHCRYPT_IRQHandler
 .text.CASER_IRQHandler
                0x0000e7bc        0x8 ./startup/startup_lpc55s69_cm33_core0.o
                0x0000e7bc                CASER_IRQHandler
 .text.PUF_IRQHandler
                0x0000e7c4        0x8 ./startup/startup_lpc55s69_cm33_core0.o
                0x0000e7c4                PUF_IRQHandler
 .text.PQ_IRQHandler
                0x0000e7cc        0x8 ./startup/startup_lpc55s69_cm33_core0.o
                0x0000e7cc                PQ_IRQHandler
 .text.DMA1_IRQHandler
                0x0000e7d4        0x8 ./startup/startup_lpc55s69_cm33_core0.o
                0x0000e7d4                DMA1_IRQHandler
 .text.FLEXCOMM8_IRQHandler
                0x0000e7dc        0x8 ./startup/startup_lpc55s69_cm33_core0.o
                0x0000e7dc                FLEXCOMM8_IRQHandler
 .text.marton78_pffft_generate_inputs
                0x0000e7e4       0x44 ./source/marton78_pffft/input_generator.o
                0x0000e7e4                marton78_pffft_generate_inputs
 .text.Valigned_malloc
                0x0000e828       0x3c ./source/marton78_pffft/self_contained_code.o
 .text.Valigned_free
                0x0000e864       0x22 ./source/marton78_pffft/self_contained_code.o
 .text.pffft_aligned_malloc
                0x0000e886       0x18 ./source/marton78_pffft/self_contained_code.o
                0x0000e886                pffft_aligned_malloc
 .text.pffft_aligned_free
                0x0000e89e       0x16 ./source/marton78_pffft/self_contained_code.o
                0x0000e89e                pffft_aligned_free
 .text.passf2_ps
                0x0000e8b4      0x270 ./source/marton78_pffft/self_contained_code.o
 .text.passf4_ps
                0x0000eb24      0x68e ./source/marton78_pffft/self_contained_code.o
 .text.decompose
                0x0000f1b2       0xe2 ./source/marton78_pffft/self_contained_code.o
 .text.pffft_destroy_setup
                0x0000f294       0x28 ./source/marton78_pffft/self_contained_code.o
                0x0000f294                pffft_destroy_setup
 .text.pffft_zreorder
                0x0000f2bc       0xf8 ./source/marton78_pffft/self_contained_code.o
                0x0000f2bc                pffft_zreorder
 .text.pffft_transform_ordered
                0x0000f3b4       0x2a ./source/marton78_pffft/self_contained_code.o
                0x0000f3b4                pffft_transform_ordered
 .text.HardFault_Handler
                0x0000f3de       0x2c ./source/semihost_hardfault.o
                0x0000f3de                HardFault_Handler
 .text.CLOCK_IsPLL0Locked
                0x0000f40a       0x24 ./drivers/fsl_clock.o
 .text.findPll0PreDiv
                0x0000f42e       0x3e ./drivers/fsl_clock.o
 .text.DelayLoop
                0x0000f46c       0x20 ./drivers/fsl_common_arm.o
 .text.CLOCK_EnableClock
                0x0000f48c       0x30 ./drivers/fsl_flexcomm.o
 .text.FLEXCOMM_PeripheralIsPresent
                0x0000f4bc       0x64 ./drivers/fsl_flexcomm.o
 .text.FLEXCOMM_SetPeriph
                0x0000f520       0x74 ./drivers/fsl_flexcomm.o
 .text.CLOCK_EnableClock
                0x0000f594       0x30 ./drivers/fsl_powerquad_basic.o
 .text.RESET_PeripheralReset
                0x0000f5c4       0x1c ./drivers/fsl_reset.o
                0x0000f5c4                RESET_PeripheralReset
 .text.USART_EnableContinuousSCLK
                0x0000f5e0       0x38 ./drivers/fsl_usart.o
 .text.SystemInitHook
                0x0000f618        0xe ./device/system_LPC55S69_cm33_core0.o
                0x0000f618                SystemInitHook
 .text.HAL_UartGetStatus
                0x0000f626       0x22 ./component/uart/fsl_adapter_usart.o
 .text.HAL_UartInit
                0x0000f648       0x36 ./component/uart/fsl_adapter_usart.o
                0x0000f648                HAL_UartInit
 .text.DisableGlobalIRQ
                0x0000f67e       0x22 ./component/serial_manager/fsl_component_serial_manager.o
 .text.EnableGlobalIRQ
                0x0000f6a0       0x20 ./component/serial_manager/fsl_component_serial_manager.o
 .text.SerialManager_Init
                0x0000f6c0       0x60 ./component/serial_manager/fsl_component_serial_manager.o
                0x0000f6c0                SerialManager_Init
 .text.SerialManager_OpenWriteHandle
                0x0000f720       0x50 ./component/serial_manager/fsl_component_serial_manager.o
                0x0000f720                SerialManager_OpenWriteHandle
 .text.SerialManager_OpenReadHandle
                0x0000f770       0x60 ./component/serial_manager/fsl_component_serial_manager.o
                0x0000f770                SerialManager_OpenReadHandle
 .text.Serial_UartInit
                0x0000f7d0       0x3e ./component/serial_manager/fsl_component_serial_port_uart.o
                0x0000f7d0                Serial_UartInit
 .text.BOARD_InitBootClocks
                0x0000f80e        0xc ./board/clock_config.o
                0x0000f80e                BOARD_InitBootClocks
 .text.BOARD_InitPeripherals_cm33_core0
                0x0000f81a        0xe ./board/peripherals.o
                0x0000f81a                BOARD_InitPeripherals_cm33_core0
 .text.BOARD_InitBootPeripherals
                0x0000f828        0xc ./board/peripherals.o
                0x0000f828                BOARD_InitBootPeripherals
 .text.CLOCK_EnableClock
                0x0000f834       0x30 ./board/pin_mux.o
 .text.IOCON_PinMuxSet
                0x0000f864       0x2e ./board/pin_mux.o
 .text.BOARD_InitBootPins
                0x0000f892        0xc ./board/pin_mux.o
                0x0000f892                BOARD_InitBootPins
 .text._exit    0x0000f89e        0x8 c:/nxp/mcuxpressoide_11.4.0_6224/ide/plugins/com.nxp.mcuxpresso.tools.win32_11.4.0.202103011116/tools/bin/../lib/gcc/arm-none-eabi/10.2.1/../../../../arm-none-eabi/lib/thumb/v8-m.main+fp/hard\libcr_newlib_semihost.a(_exit.o)
                0x0000f89e                _exit
 .text.error    0x0000f8a6       0x1c c:/nxp/mcuxpressoide_11.4.0_6224/ide/plugins/com.nxp.mcuxpresso.tools.win32_11.4.0.202103011116/tools/bin/../lib/gcc/arm-none-eabi/10.2.1/../../../../arm-none-eabi/lib/thumb/v8-m.main+fp/hard\libcr_newlib_semihost.a(syscalls.o)
 .text.checkerror
                0x0000f8c2        0xa c:/nxp/mcuxpressoide_11.4.0_6224/ide/plugins/com.nxp.mcuxpresso.tools.win32_11.4.0.202103011116/tools/bin/../lib/gcc/arm-none-eabi/10.2.1/../../../../arm-none-eabi/lib/thumb/v8-m.main+fp/hard\libcr_newlib_semihost.a(syscalls.o)
 .text._swiread
                0x0000f8cc       0x20 c:/nxp/mcuxpressoide_11.4.0_6224/ide/plugins/com.nxp.mcuxpresso.tools.win32_11.4.0.202103011116/tools/bin/../lib/gcc/arm-none-eabi/10.2.1/../../../../arm-none-eabi/lib/thumb/v8-m.main+fp/hard\libcr_newlib_semihost.a(syscalls.o)
                0x0000f8cc                _swiread
 .text._read    0x0000f8ec       0x36 c:/nxp/mcuxpressoide_11.4.0_6224/ide/plugins/com.nxp.mcuxpresso.tools.win32_11.4.0.202103011116/tools/bin/../lib/gcc/arm-none-eabi/10.2.1/../../../../arm-none-eabi/lib/thumb/v8-m.main+fp/hard\libcr_newlib_semihost.a(syscalls.o)
                0x0000f8ec                _read
 .text._swilseek
                0x0000f922       0x78 c:/nxp/mcuxpressoide_11.4.0_6224/ide/plugins/com.nxp.mcuxpresso.tools.win32_11.4.0.202103011116/tools/bin/../lib/gcc/arm-none-eabi/10.2.1/../../../../arm-none-eabi/lib/thumb/v8-m.main+fp/hard\libcr_newlib_semihost.a(syscalls.o)
                0x0000f922                _swilseek
 .text._lseek   0x0000f99a        0x4 c:/nxp/mcuxpressoide_11.4.0_6224/ide/plugins/com.nxp.mcuxpresso.tools.win32_11.4.0.202103011116/tools/bin/../lib/gcc/arm-none-eabi/10.2.1/../../../../arm-none-eabi/lib/thumb/v8-m.main+fp/hard\libcr_newlib_semihost.a(syscalls.o)
                0x0000f99a                _lseek
 .text._swiwrite
                0x0000f99e       0x20 c:/nxp/mcuxpressoide_11.4.0_6224/ide/plugins/com.nxp.mcuxpresso.tools.win32_11.4.0.202103011116/tools/bin/../lib/gcc/arm-none-eabi/10.2.1/../../../../arm-none-eabi/lib/thumb/v8-m.main+fp/hard\libcr_newlib_semihost.a(syscalls.o)
                0x0000f99e                _swiwrite
 .text._write   0x0000f9be       0x44 c:/nxp/mcuxpressoide_11.4.0_6224/ide/plugins/com.nxp.mcuxpresso.tools.win32_11.4.0.202103011116/tools/bin/../lib/gcc/arm-none-eabi/10.2.1/../../../../arm-none-eabi/lib/thumb/v8-m.main+fp/hard\libcr_newlib_semihost.a(syscalls.o)
                0x0000f9be                _write
 .text._swiclose
                0x0000fa02       0x1a c:/nxp/mcuxpressoide_11.4.0_6224/ide/plugins/com.nxp.mcuxpresso.tools.win32_11.4.0.202103011116/tools/bin/../lib/gcc/arm-none-eabi/10.2.1/../../../../arm-none-eabi/lib/thumb/v8-m.main+fp/hard\libcr_newlib_semihost.a(syscalls.o)
                0x0000fa02                _swiclose
 .text._getpid  0x0000fa1c        0x4 c:/nxp/mcuxpressoide_11.4.0_6224/ide/plugins/com.nxp.mcuxpresso.tools.win32_11.4.0.202103011116/tools/bin/../lib/gcc/arm-none-eabi/10.2.1/../../../../arm-none-eabi/lib/thumb/v8-m.main+fp/hard\libcr_newlib_semihost.a(syscalls.o)
                0x0000fa1c                _getpid
 .text._swistat
                0x0000fa20       0x42 c:/nxp/mcuxpressoide_11.4.0_6224/ide/plugins/com.nxp.mcuxpresso.tools.win32_11.4.0.202103011116/tools/bin/../lib/gcc/arm-none-eabi/10.2.1/../../../../arm-none-eabi/lib/thumb/v8-m.main+fp/hard\libcr_newlib_semihost.a(syscalls.o)
                0x0000fa20                _swistat
 .text._fstat   0x0000fa62       0x1c c:/nxp/mcuxpressoide_11.4.0_6224/ide/plugins/com.nxp.mcuxpresso.tools.win32_11.4.0.202103011116/tools/bin/../lib/gcc/arm-none-eabi/10.2.1/../../../../arm-none-eabi/lib/thumb/v8-m.main+fp/hard\libcr_newlib_semihost.a(syscalls.o)
                0x0000fa62                _fstat
 .text._clock   0x0000fa7e       0x12 c:/nxp/mcuxpressoide_11.4.0_6224/ide/plugins/com.nxp.mcuxpresso.tools.win32_11.4.0.202103011116/tools/bin/../lib/gcc/arm-none-eabi/10.2.1/../../../../arm-none-eabi/lib/thumb/v8-m.main+fp/hard\libcr_newlib_semihost.a(syscalls.o)
                0x0000fa7e                _clock
 .text._times   0x0000fa90       0x16 c:/nxp/mcuxpressoide_11.4.0_6224/ide/plugins/com.nxp.mcuxpresso.tools.win32_11.4.0.202103011116/tools/bin/../lib/gcc/arm-none-eabi/10.2.1/../../../../arm-none-eabi/lib/thumb/v8-m.main+fp/hard\libcr_newlib_semihost.a(syscalls.o)
                0x0000fa90                _times
 .text._isatty  0x0000faa6       0x2a c:/nxp/mcuxpressoide_11.4.0_6224/ide/plugins/com.nxp.mcuxpresso.tools.win32_11.4.0.202103011116/tools/bin/../lib/gcc/arm-none-eabi/10.2.1/../../../../arm-none-eabi/lib/thumb/v8-m.main+fp/hard\libcr_newlib_semihost.a(syscalls.o)
                0x0000faa6                _isatty
 *(SORT_BY_ALIGNMENT(.rodata) SORT_BY_ALIGNMENT(.rodata.*) SORT_BY_ALIGNMENT(.constdata) SORT_BY_ALIGNMENT(.constdata.*))
 .rodata.__mprec_bigtens
                0x0000fad0       0x28 c:/nxp/mcuxpressoide_11.4.0_6224/ide/plugins/com.nxp.mcuxpresso.tools.win32_11.4.0.202103011116/tools/bin/../lib/gcc/arm-none-eabi/10.2.1/../../../../arm-none-eabi/lib/thumb/v8-m.main+fp/hard\libc.a(lib_a-mprec.o)
                0x0000fad0                __mprec_bigtens
 .rodata.__mprec_tens
                0x0000faf8       0xc8 c:/nxp/mcuxpressoide_11.4.0_6224/ide/plugins/com.nxp.mcuxpresso.tools.win32_11.4.0.202103011116/tools/bin/../lib/gcc/arm-none-eabi/10.2.1/../../../../arm-none-eabi/lib/thumb/v8-m.main+fp/hard\libc.a(lib_a-mprec.o)
                0x0000faf8                __mprec_tens
 .rodata.run_original.str1.4
                0x0000fbc0       0x20 ./source/marton78_pffft/in_context_original.o
 .rodata.passf3_ps.str1.4
                0x0000fbe0       0x1f ./source/marton78_pffft/self_contained_code.o
 *fill*         0x0000fbff        0x1 ff
 .rodata.rfftf1_ps.str1.4
                0x0000fc00       0x1e ./source/marton78_pffft/self_contained_code.o
 *fill*         0x0000fc1e        0x2 ff
 .rodata.rfftb1_ps.str1.4
                0x0000fc20        0xa ./source/marton78_pffft/self_contained_code.o
 *fill*         0x0000fc2a        0x2 ff
 .rodata.pffft_transform_internal.str1.4
                0x0000fc2c       0x23 ./source/marton78_pffft/self_contained_code.o
 *fill*         0x0000fc4f        0x1 ff
 .rodata.__func__.28
                0x0000fc50        0xa ./source/marton78_pffft/self_contained_code.o
 *fill*         0x0000fc5a        0x2 ff
 .rodata.taur.27
                0x0000fc5c        0x4 ./source/marton78_pffft/self_contained_code.o
 .rodata.__func__.26
                0x0000fc60        0xa ./source/marton78_pffft/self_contained_code.o
 *fill*         0x0000fc6a        0x2 ff
 .rodata.tr11.25
                0x0000fc6c        0x4 ./source/marton78_pffft/self_contained_code.o
 .rodata.tr12.24
                0x0000fc70        0x4 ./source/marton78_pffft/self_contained_code.o
 .rodata.minus_one.23
                0x0000fc74        0x4 ./source/marton78_pffft/self_contained_code.o
 .rodata.minus_two.22
                0x0000fc78        0x4 ./source/marton78_pffft/self_contained_code.o
 .rodata.taui.21
                0x0000fc7c        0x4 ./source/marton78_pffft/self_contained_code.o
 .rodata.taur.20
                0x0000fc80        0x4 ./source/marton78_pffft/self_contained_code.o
 .rodata.taur.19
                0x0000fc84        0x4 ./source/marton78_pffft/self_contained_code.o
 .rodata.taui_2.18
                0x0000fc88        0x4 ./source/marton78_pffft/self_contained_code.o
 .rodata.taui.17
                0x0000fc8c        0x4 ./source/marton78_pffft/self_contained_code.o
 .rodata.minus_hsqt2.16
                0x0000fc90        0x4 ./source/marton78_pffft/self_contained_code.o
 .rodata.two.15
                0x0000fc94        0x4 ./source/marton78_pffft/self_contained_code.o
 .rodata.minus_sqrt2.14
                0x0000fc98        0x4 ./source/marton78_pffft/self_contained_code.o
 .rodata.tr11.13
                0x0000fc9c        0x4 ./source/marton78_pffft/self_contained_code.o
 .rodata.tr12.12
                0x0000fca0        0x4 ./source/marton78_pffft/self_contained_code.o
 .rodata.ti11.11
                0x0000fca4        0x4 ./source/marton78_pffft/self_contained_code.o
 .rodata.ti12.10
                0x0000fca8        0x4 ./source/marton78_pffft/self_contained_code.o
 .rodata.tr11.9
                0x0000fcac        0x4 ./source/marton78_pffft/self_contained_code.o
 .rodata.tr12.8
                0x0000fcb0        0x4 ./source/marton78_pffft/self_contained_code.o
 .rodata.ti11.7
                0x0000fcb4        0x4 ./source/marton78_pffft/self_contained_code.o
 .rodata.ti12.6
                0x0000fcb8        0x4 ./source/marton78_pffft/self_contained_code.o
 .rodata.__func__.5
                0x0000fcbc        0xa ./source/marton78_pffft/self_contained_code.o
 *fill*         0x0000fcc6        0x2 ff
 .rodata.__func__.4
                0x0000fcc8        0xa ./source/marton78_pffft/self_contained_code.o
 *fill*         0x0000fcd2        0x2 ff
 .rodata.ntryh.3
                0x0000fcd4       0x14 ./source/marton78_pffft/self_contained_code.o
 .rodata.ntryh.2
                0x0000fce8       0x14 ./source/marton78_pffft/self_contained_code.o
 .rodata.__func__.1
                0x0000fcfc        0xa ./source/marton78_pffft/self_contained_code.o
 *fill*         0x0000fd06        0x2 ff
 .rodata.__func__.0
                0x0000fd08       0x19 ./source/marton78_pffft/self_contained_code.o
 *fill*         0x0000fd21        0x3 ff
 .rodata.main.str1.4
                0x0000fd24       0x47 ./source/LPC55S69_Project.o
 *fill*         0x0000fd6b        0x1 ff
 .rodata.SDK_DelayAtLeastUs.str1.4
                0x0000fd6c       0x26 ./drivers/fsl_common_arm.o
 *fill*         0x0000fd92        0x2 ff
 .rodata.__func__.0
                0x0000fd94       0x13 ./drivers/fsl_common_arm.o
 *fill*         0x0000fda7        0x1 ff
 .rodata.s_flexcommBaseAddrs
                0x0000fda8       0x24 ./drivers/fsl_flexcomm.o
 .rodata.s_flexcommClocks
                0x0000fdcc       0x12 ./drivers/fsl_flexcomm.o
 *fill*         0x0000fdde        0x2 ff
 .rodata.s_flexcommResets
                0x0000fde0       0x24 ./drivers/fsl_flexcomm.o
 .rodata.FLEXCOMM_GetInstance.str1.4
                0x0000fe04       0x40 ./drivers/fsl_flexcomm.o
 .rodata.FLEXCOMM0_DriverIRQHandler.str1.4
                0x0000fe44       0x27 ./drivers/fsl_flexcomm.o
 *fill*         0x0000fe6b        0x1 ff
 .rodata.__func__.9
                0x0000fe6c       0x15 ./drivers/fsl_flexcomm.o
 *fill*         0x0000fe81        0x3 ff
 .rodata.__func__.8
                0x0000fe84       0x1b ./drivers/fsl_flexcomm.o
 *fill*         0x0000fe9f        0x1 ff
 .rodata.__func__.7
                0x0000fea0       0x1b ./drivers/fsl_flexcomm.o
 *fill*         0x0000febb        0x1 ff
 .rodata.__func__.6
                0x0000febc       0x1b ./drivers/fsl_flexcomm.o
 *fill*         0x0000fed7        0x1 ff
 .rodata.__func__.5
                0x0000fed8       0x1b ./drivers/fsl_flexcomm.o
 *fill*         0x0000fef3        0x1 ff
 .rodata.__func__.4
                0x0000fef4       0x1b ./drivers/fsl_flexcomm.o
 *fill*         0x0000ff0f        0x1 ff
 .rodata.__func__.3
                0x0000ff10       0x1b ./drivers/fsl_flexcomm.o
 *fill*         0x0000ff2b        0x1 ff
 .rodata.__func__.2
                0x0000ff2c       0x1b ./drivers/fsl_flexcomm.o
 *fill*         0x0000ff47        0x1 ff
 .rodata.__func__.1
                0x0000ff48       0x1b ./drivers/fsl_flexcomm.o
 *fill*         0x0000ff63        0x1 ff
 .rodata.__func__.0
                0x0000ff64       0x1b ./drivers/fsl_flexcomm.o
 *fill*         0x0000ff7f        0x1 ff
 .rodata.RESET_SetPeripheralReset.str1.4
                0x0000ff80       0x1d ./drivers/fsl_reset.o
 *fill*         0x0000ff9d        0x3 ff
 .rodata.__func__.1
                0x0000ffa0       0x19 ./drivers/fsl_reset.o
 *fill*         0x0000ffb9        0x3 ff
 .rodata.__func__.0
                0x0000ffbc       0x1b ./drivers/fsl_reset.o
 *fill*         0x0000ffd7        0x1 ff
 .rodata.USART_GetInstance.str1.4
                0x0000ffd8       0x39 ./drivers/fsl_usart.o
 *fill*         0x00010011        0x3 ff
 .rodata.USART_Init.str1.4
                0x00010014       0x3d ./drivers/fsl_usart.o
 *fill*         0x00010051        0x3 ff
 .rodata.USART_GetDefaultConfig.str1.4
                0x00010054        0xf ./drivers/fsl_usart.o
 *fill*         0x00010063        0x1 ff
 .rodata.USART_SetBaudRate.str1.4
                0x00010064       0x41 ./drivers/fsl_usart.o
 *fill*         0x000100a5        0x3 ff
 .rodata.__func__.15
                0x000100a8        0xb ./drivers/fsl_usart.o
 *fill*         0x000100b3        0x1 ff
 .rodata.__func__.13
                0x000100b4       0x17 ./drivers/fsl_usart.o
 *fill*         0x000100cb        0x1 ff
 .rodata.__func__.12
                0x000100cc       0x12 ./drivers/fsl_usart.o
 *fill*         0x000100de        0x2 ff
 .rodata.s_UsartAdapterBase
                0x000100e0       0x20 ./component/uart/fsl_adapter_usart.o
 .rodata.HAL_UartInitCommon.str1.4
                0x00010100       0x8d ./component/uart/fsl_adapter_usart.o
                                 0x95 (size before relaxing)
 *fill*         0x0001018d        0x3 ff
 .rodata.__func__.5
                0x00010190       0x13 ./component/uart/fsl_adapter_usart.o
 *fill*         0x000101a3        0x1 ff
 .rodata.__assert_func.str1.4
                0x000101a4       0x3f c:/nxp/mcuxpressoide_11.4.0_6224/ide/plugins/com.nxp.mcuxpresso.tools.win32_11.4.0.202103011116/tools/bin/../lib/gcc/arm-none-eabi/10.2.1/../../../../arm-none-eabi/lib/thumb/v8-m.main+fp/hard\libc.a(lib_a-assert.o)
                                 0x43 (size before relaxing)
 *fill*         0x000101e3        0x1 ff
 .rodata._vfiprintf_r.str1.4
                0x000101e4       0x2f c:/nxp/mcuxpressoide_11.4.0_6224/ide/plugins/com.nxp.mcuxpresso.tools.win32_11.4.0.202103011116/tools/bin/../lib/gcc/arm-none-eabi/10.2.1/../../../../arm-none-eabi/lib/thumb/v8-m.main+fp/hard\libc.a(lib_a-vfiprintf.o)
 *fill*         0x00010213        0x1 ff
 .rodata.blanks.1
                0x00010214       0x10 c:/nxp/mcuxpressoide_11.4.0_6224/ide/plugins/com.nxp.mcuxpresso.tools.win32_11.4.0.202103011116/tools/bin/../lib/gcc/arm-none-eabi/10.2.1/../../../../arm-none-eabi/lib/thumb/v8-m.main+fp/hard\libc.a(lib_a-vfiprintf.o)
 .rodata.zeroes.0
                0x00010224       0x10 c:/nxp/mcuxpressoide_11.4.0_6224/ide/plugins/com.nxp.mcuxpresso.tools.win32_11.4.0.202103011116/tools/bin/../lib/gcc/arm-none-eabi/10.2.1/../../../../arm-none-eabi/lib/thumb/v8-m.main+fp/hard\libc.a(lib_a-vfiprintf.o)
 .rodata._vfprintf_r.str1.4
                0x00010234       0x10 c:/nxp/mcuxpressoide_11.4.0_6224/ide/plugins/com.nxp.mcuxpresso.tools.win32_11.4.0.202103011116/tools/bin/../lib/gcc/arm-none-eabi/10.2.1/../../../../arm-none-eabi/lib/thumb/v8-m.main+fp/hard\libc.a(lib_a-vfprintf.o)
                                 0x42 (size before relaxing)
 .rodata.blanks.1
                0x00010244       0x10 c:/nxp/mcuxpressoide_11.4.0_6224/ide/plugins/com.nxp.mcuxpresso.tools.win32_11.4.0.202103011116/tools/bin/../lib/gcc/arm-none-eabi/10.2.1/../../../../arm-none-eabi/lib/thumb/v8-m.main+fp/hard\libc.a(lib_a-vfprintf.o)
 .rodata.zeroes.0
                0x00010254       0x10 c:/nxp/mcuxpressoide_11.4.0_6224/ide/plugins/com.nxp.mcuxpresso.tools.win32_11.4.0.202103011116/tools/bin/../lib/gcc/arm-none-eabi/10.2.1/../../../../arm-none-eabi/lib/thumb/v8-m.main+fp/hard\libc.a(lib_a-vfprintf.o)
 .rodata._ctype_
                0x00010264      0x101 c:/nxp/mcuxpressoide_11.4.0_6224/ide/plugins/com.nxp.mcuxpresso.tools.win32_11.4.0.202103011116/tools/bin/../lib/gcc/arm-none-eabi/10.2.1/../../../../arm-none-eabi/lib/thumb/v8-m.main+fp/hard\libc.a(lib_a-ctype_.o)
                0x00010264                _ctype_
 *fill*         0x00010365        0x3 ff
 .rodata._dtoa_r.str1.4
                0x00010368       0xa1 c:/nxp/mcuxpressoide_11.4.0_6224/ide/plugins/com.nxp.mcuxpresso.tools.win32_11.4.0.202103011116/tools/bin/../lib/gcc/arm-none-eabi/10.2.1/../../../../arm-none-eabi/lib/thumb/v8-m.main+fp/hard\libc.a(lib_a-dtoa.o)
                                 0xa5 (size before relaxing)
 *fill*         0x00010409        0x3 ff
 .rodata._setlocale_r.str1.4
                0x0001040c        0xa c:/nxp/mcuxpressoide_11.4.0_6224/ide/plugins/com.nxp.mcuxpresso.tools.win32_11.4.0.202103011116/tools/bin/../lib/gcc/arm-none-eabi/10.2.1/../../../../arm-none-eabi/lib/thumb/v8-m.main+fp/hard\libc.a(lib_a-locale.o)
                                  0xd (size before relaxing)
 *fill*         0x00010416        0x2 ff
 .rodata.str1.4
                0x00010418        0x2 c:/nxp/mcuxpressoide_11.4.0_6224/ide/plugins/com.nxp.mcuxpresso.tools.win32_11.4.0.202103011116/tools/bin/../lib/gcc/arm-none-eabi/10.2.1/../../../../arm-none-eabi/lib/thumb/v8-m.main+fp/hard\libc.a(lib_a-locale.o)
 *fill*         0x0001041a        0x2 ff
 .rodata.__multadd.str1.4
                0x0001041c       0x7e c:/nxp/mcuxpressoide_11.4.0_6224/ide/plugins/com.nxp.mcuxpresso.tools.win32_11.4.0.202103011116/tools/bin/../lib/gcc/arm-none-eabi/10.2.1/../../../../arm-none-eabi/lib/thumb/v8-m.main+fp/hard\libc.a(lib_a-mprec.o)
                                 0x92 (size before relaxing)
 *fill*         0x0001049a        0x2 ff
 .rodata.p05.0  0x0001049c        0xc c:/nxp/mcuxpressoide_11.4.0_6224/ide/plugins/com.nxp.mcuxpresso.tools.win32_11.4.0.202103011116/tools/bin/../lib/gcc/arm-none-eabi/10.2.1/../../../../arm-none-eabi/lib/thumb/v8-m.main+fp/hard\libc.a(lib_a-mprec.o)
 .rodata.npio2_hw
                0x000104a8       0x80 c:/nxp/mcuxpressoide_11.4.0_6224/ide/plugins/com.nxp.mcuxpresso.tools.win32_11.4.0.202103011116/tools/bin/../lib/gcc/arm-none-eabi/10.2.1/../../../../arm-none-eabi/lib/thumb/v8-m.main+fp/hard\libm.a(lib_a-ef_rem_pio2.o)
 .rodata.two_over_pi
                0x00010528      0x318 c:/nxp/mcuxpressoide_11.4.0_6224/ide/plugins/com.nxp.mcuxpresso.tools.win32_11.4.0.202103011116/tools/bin/../lib/gcc/arm-none-eabi/10.2.1/../../../../arm-none-eabi/lib/thumb/v8-m.main+fp/hard\libm.a(lib_a-ef_rem_pio2.o)
 .rodata.PIo2   0x00010840       0x2c c:/nxp/mcuxpressoide_11.4.0_6224/ide/plugins/com.nxp.mcuxpresso.tools.win32_11.4.0.202103011116/tools/bin/../lib/gcc/arm-none-eabi/10.2.1/../../../../arm-none-eabi/lib/thumb/v8-m.main+fp/hard\libm.a(lib_a-kf_rem_pio2.o)
 .rodata.init_jk
                0x0001086c        0xc c:/nxp/mcuxpressoide_11.4.0_6224/ide/plugins/com.nxp.mcuxpresso.tools.win32_11.4.0.202103011116/tools/bin/../lib/gcc/arm-none-eabi/10.2.1/../../../../arm-none-eabi/lib/thumb/v8-m.main+fp/hard\libm.a(lib_a-kf_rem_pio2.o)
 .rodata.initialise_monitor_handles.part.0.str1.1
                0x00010878        0x4 c:/nxp/mcuxpressoide_11.4.0_6224/ide/plugins/com.nxp.mcuxpresso.tools.win32_11.4.0.202103011116/tools/bin/../lib/gcc/arm-none-eabi/10.2.1/../../../../arm-none-eabi/lib/thumb/v8-m.main+fp/hard\libcr_newlib_semihost.a(syscalls.o)
                0x0001087c                . = ALIGN (0x4)

.glue_7         0x0001087c        0x0
 .glue_7        0x0001087c        0x0 linker stubs

.glue_7t        0x0001087c        0x0
 .glue_7t       0x0001087c        0x0 linker stubs

.vfp11_veneer   0x0001087c        0x0
 .vfp11_veneer  0x0001087c        0x0 linker stubs

.v4_bx          0x0001087c        0x0
 .v4_bx         0x0001087c        0x0 linker stubs

.iplt           0x0001087c        0x0
 .iplt          0x0001087c        0x0 ./utilities/fsl_debug_console.o

.ARM.extab
 *(SORT_BY_ALIGNMENT(.ARM.extab*) SORT_BY_ALIGNMENT(.gnu.linkonce.armextab.*))

.ARM.exidx      0x0001087c        0x8
                0x0001087c                __exidx_start = .
 *(SORT_BY_ALIGNMENT(.ARM.exidx*) SORT_BY_ALIGNMENT(.gnu.linkonce.armexidx.*))
 .ARM.exidx     0x0001087c        0x8 c:/nxp/mcuxpressoide_11.4.0_6224/ide/plugins/com.nxp.mcuxpresso.tools.win32_11.4.0.202103011116/tools/bin/../lib/gcc/arm-none-eabi/10.2.1/thumb/v8-m.main+fp/hard\libgcc.a(_udivmoddi4.o)
                0x00010884                __exidx_end = .
                0x00010884                _etext = .

.rel.dyn        0x00010884        0x0
 .rel.iplt      0x00010884        0x0 ./utilities/fsl_debug_console.o

.m_usb_data
 *(SORT_BY_ALIGNMENT(m_usb_global))

.data_RAM2      0x04000000        0x0 load address 0x00010884
 FILL mask 0xff
                [!provide]                PROVIDE (__start_data_RAM2 = .)
                [!provide]                PROVIDE (__start_data_SRAMX = .)
 *(SORT_BY_ALIGNMENT(.ramfunc.$RAM2))
 *(SORT_BY_ALIGNMENT(.ramfunc.$SRAMX))
 *(SORT_BY_ALIGNMENT(.data.$RAM2))
 *(SORT_BY_ALIGNMENT(.data.$SRAMX))
 *(SORT_BY_ALIGNMENT(.data.$RAM2.*))
 *(SORT_BY_ALIGNMENT(.data.$SRAMX.*))
                0x04000000                . = ALIGN (0x4)
                [!provide]                PROVIDE (__end_data_RAM2 = .)
                [!provide]                PROVIDE (__end_data_SRAMX = .)

.data_RAM3      0x40100000        0x0 load address 0x00010884
 FILL mask 0xff
                [!provide]                PROVIDE (__start_data_RAM3 = .)
                [!provide]                PROVIDE (__start_data_USB_RAM = .)
 *(SORT_BY_ALIGNMENT(.ramfunc.$RAM3))
 *(SORT_BY_ALIGNMENT(.ramfunc.$USB_RAM))
 *(SORT_BY_ALIGNMENT(.data.$RAM3))
 *(SORT_BY_ALIGNMENT(.data.$USB_RAM))
 *(SORT_BY_ALIGNMENT(.data.$RAM3.*))
 *(SORT_BY_ALIGNMENT(.data.$USB_RAM.*))
                0x40100000                . = ALIGN (0x4)
                [!provide]                PROVIDE (__end_data_RAM3 = .)
                [!provide]                PROVIDE (__end_data_USB_RAM = .)

.data_RAM4      0x20040000        0x0 load address 0x00010884
 FILL mask 0xff
                [!provide]                PROVIDE (__start_data_RAM4 = .)