../source/marton78_pffft/self_contained_code.c:15:15:Valigned_malloc	24	static
../source/marton78_pffft/self_contained_code.c:23:13:Valigned_free	16	static
../source/marton78_pffft/self_contained_code.c:28:12:next_power_of_two	24	static
../source/marton78_pffft/self_contained_code.c:42:12:is_power_of_two	24	static
../source/marton78_pffft/self_contained_code.c:50:7:pffft_aligned_malloc	16	static
../source/marton78_pffft/self_contained_code.c:51:6:pffft_aligned_free	16	static
../source/marton78_pffft/self_contained_code.c:52:5:pffft_next_power_of_two	16	static
../source/marton78_pffft/self_contained_code.c:53:5:pffft_is_power_of_two	16	static
../source/marton78_pffft/self_contained_code.c:55:7:pffftd_aligned_malloc	16	static
../source/marton78_pffft/self_contained_code.c:56:6:pffftd_aligned_free	16	static
../source/marton78_pffft/self_contained_code.c:57:5:pffftd_next_power_of_two	16	static
../source/marton78_pffft/self_contained_code.c:58:5:pffftd_is_power_of_two	16	static
../source/marton78_pffft/self_contained_code.c:380:5:pffft_simd_size	4	static
../source/marton78_pffft/self_contained_code.c:382:5:pffft_min_fft_size	24	static
../source/marton78_pffft/self_contained_code.c:395:5:pffft_is_valid_size	24	static
../source/marton78_pffft/self_contained_code.c:404:5:pffft_nearest_transform_size	32	static
../source/marton78_pffft/self_contained_code.c:420:14:pffft_simd_arch	4	static
../source/marton78_pffft/self_contained_code.c:426:27:passf2_ps	64	static
../source/marton78_pffft/self_contained_code.c:455:27:passf3_ps	112	static
../source/marton78_pffft/self_contained_code.c:489:27:passf4_ps	136	static
../source/marton78_pffft/self_contained_code.c:560:27:passf5_ps	192	static
../source/marton78_pffft/self_contained_code.c:627:27:radf2_ps	64	static
../source/marton78_pffft/self_contained_code.c:657:27:radb2_ps	64	static
../source/marton78_pffft/self_contained_code.c:690:13:radf3_ps	104	static
../source/marton78_pffft/self_contained_code.c:731:13:radb3_ps	88	static
../source/marton78_pffft/self_contained_code.c:773:27:radf4_ps	184	static
../source/marton78_pffft/self_contained_code.c:857:27:radb4_ps	160	static
../source/marton78_pffft/self_contained_code.c:937:13:radf5_ps	160	static
../source/marton78_pffft/self_contained_code.c:1024:13:radb5_ps	160	static
../source/marton78_pffft/self_contained_code.c:1113:29:rfftf1_ps	112	static
../source/marton78_pffft/self_contained_code.c:1160:29:rfftb1_ps	112	static
../source/marton78_pffft/self_contained_code.c:1207:12:decompose	56	static
../source/marton78_pffft/self_contained_code.c:1234:13:rffti1_ps	96	static
../source/marton78_pffft/self_contained_code.c:1267:13:cffti1_ps	96	static
../source/marton78_pffft/self_contained_code.c:1306:14:cfftf1_ps	112	static
../source/marton78_pffft/self_contained_code.c:1353:15:pffft_new_setup	64	static
../source/marton78_pffft/self_contained_code.c:1405:6:pffft_destroy_setup	16	static
../source/marton78_pffft/self_contained_code.c:1982:6:pffft_zreorder	40	static
../source/marton78_pffft/self_contained_code.c:2002:6:pffft_transform_internal	112	dynamic
../source/marton78_pffft/self_contained_code.c:2059:6:pffft_zconvolve_accumulate	64	static
../source/marton78_pffft/self_contained_code.c:2081:6:pffft_zconvolve_no_accu	64	static
../source/marton78_pffft/self_contained_code.c:2106:6:pffft_transform	32	static
../source/marton78_pffft/self_contained_code.c:2110:6:pffft_transform_ordered	32	static
../source/marton78_pffft/self_contained_code.c:2114:6:desugared_transform_ordered	120	static
